Renesas Optimizing Linker (W3.06.00 )             10-Jun-2026 15:48:31

*** Options ***

DefaultBuild\MultiCoreC1H.mot
C:\Users\0488813\Documents\GitHub\AMDT3074_E0_011_V1_000_20240822_IM\PE1\DefaultBuild\MotorDirver0.mot
C:\Users\0488813\Documents\GitHub\AMDT3074_E0_011_V1_000_20240822_IM\PE2\DefaultBuild\MotorDriver1.mot
-form=stype
-output=DefaultBuild_merged\MultiCoreC1H.mot
-list

*** Error information ***

*** Entry address ***

*** Combine information ***
FILE               START            END              SIZE
C:\Users\0488813\Documents\GitHub\AMDT3074_E0_011_V1_000_20240822_IM\PE1\DefaultBuild\MotorDirver0.mot
                   00000000         000003ff         400
C:\Users\0488813\Documents\GitHub\AMDT3074_E0_011_V1_000_20240822_IM\PE1\DefaultBuild\MotorDirver0.mot
                   00001000         0001b1f6         1a1f7
C:\Users\0488813\Documents\GitHub\AMDT3074_E0_011_V1_000_20240822_IM\PE1\DefaultBuild\MotorDirver0.mot
                   0001b1f8         0001b1fc         5
C:\Users\0488813\Documents\GitHub\AMDT3074_E0_011_V1_000_20240822_IM\PE1\DefaultBuild\MotorDirver0.mot
                   0001b200         0001b204         5
C:\Users\0488813\Documents\GitHub\AMDT3074_E0_011_V1_000_20240822_IM\PE2\DefaultBuild\MotorDriver1.mot
                   00800000         008003ff         400
C:\Users\0488813\Documents\GitHub\AMDT3074_E0_011_V1_000_20240822_IM\PE2\DefaultBuild\MotorDriver1.mot
                   00801000         0080dc03         cc04
DefaultBuild\MultiCoreC1H.mot
                   01000000         010001f5         1f6
DefaultBuild\MultiCoreC1H.mot
                   01000400         010005b5         1b6

*** Conflict information ***

