Renesas Optimizing Linker (W3.06.00 )             03-Jun-2026 16:59:23

*** Options ***

-subcommand=DefaultBuild\MotorDriver1.clnk
-input=DefaultBuild\fi_pe2_error.obj
-input=DefaultBuild\vecttbl_pe2.obj
-input=DefaultBuild\cstart2.obj
-input=DefaultBuild\vecttbl_pe1_2.obj
-input=DefaultBuild\io_CPU.obj
-input=DefaultBuild\io_ADC.obj
-input=DefaultBuild\io_CSIH0.obj
-input=DefaultBuild\io_CSIH1.obj
-input=DefaultBuild\io_ENCA0.obj
-input=DefaultBuild\io_ENCA1.obj
-input=DefaultBuild\io_FCAN.obj
-input=DefaultBuild\io_RDC20.obj
-input=DefaultBuild\io_RDC21.obj
-input=DefaultBuild\io_SCI0_40MHz.obj
-input=DefaultBuild\io_SCI1_40MHz.obj
-input=DefaultBuild\io_SCI2_40MHz.obj
-input=DefaultBuild\io_TAUD0.obj
-input=DefaultBuild\io_TAUD1.obj
-input=DefaultBuild\io_TAUJ0.obj
-input=DefaultBuild\io_TSG30.obj
-input=DefaultBuild\io_TSG31.obj
-input=DefaultBuild\MotorDirver0.obj
-input=DefaultBuild\VECLIB_CMDMONI.obj
-input=DefaultBuild\fpmsm_main.obj
-input=DefaultBuild\fi_AWatcher.obj
-input=DefaultBuild\fi_1ms_int.obj
-input=DefaultBuild\fi_20us_int.obj
-input=DefaultBuild\fi_enc1_int.obj
-input=DefaultBuild\fi_pwm_int.obj
-input=DefaultBuild\fb_kpwm_tbl.obj
-input=DefaultBuild\fb_therm_calc.obj
-input=DefaultBuild\fb_therm_tbl_module.obj
-input=DefaultBuild\fb_vctrlerr_tbl.obj
-input=DefaultBuild\fi_pwm_vctrlerrtbl.obj
-input=DefaultBuild\io_PIO_amdt0530.obj
-library=..\PE1\AWatcher\AWatcherSCI30_256.lib
-debug
-nocompress
-NOOPtimize
-output=DefaultBuild\MotorDriver1.abs
-library=v850e3v5\rhf8n.lib
-library=v850e3v5\libmalloc.lib
-list=DefaultBuild\MotorDriver1.map
-show=symbol
-start=EIINTTBL_PE2,EIINTTBL_PE1_2/00800000,.const,.INIT_DSEC.const,.INIT_BSEC.const,.text.cmn,com.text,.text,.data,comGRAMB.data/00801000,.data.R,.bss,.stack.bss/FE9F0000,comGRAMA.data.R,comGRAMA.bss/FEEF0000,GRAMA.bss/FEEF2000,comGRAMB.data.R,comGRAMB.bss/FEF00000,GRAMB.bss/FEF02000
-fsymbol=.text.cmn
-fsymbol=com.text
-rom=.data=.data.R
-stack
-nologo
-end

*** Error information ***

W0561100:Cannot find "comGRAMB.data" specified in option "start"
W0561100:Cannot find "comGRAMA.data.R" specified in option "start"
W0561100:Cannot find "comGRAMA.bss" specified in option "start"
W0561100:Cannot find "GRAMA.bss" specified in option "start"
W0561100:Cannot find "comGRAMB.data.R" specified in option "start"
W0561100:Cannot find "GRAMB.bss" specified in option "start"

*** Mapping List ***

SECTION                            START      END         SIZE   ALIGN
EIINTTBL_PE2
                                  00800000  0080007f        80   4
EIINTTBL_PE1_2
                                  00800080  008003ff       380   4
.const
                                  00801000  00801d77       d78   4
.INIT_DSEC.const
                                  00801d78  00801d83         c   4
.INIT_BSEC.const
                                  00801d84  00801d8b         8   4
.text.cmn
                                  00801d8c  00801df3        68   2
com.text
                                  00801df4  00801e8d        9a   2
.text
                                  00801e8e  0080dbff      bd72   2
.data
                                  0080dc00  0080dc07         8   4
.data.R
                                  fe9f0000  fe9f0007         8   4
.bss
                                  fe9f0008  fe9f21ff      21f8   4
.stack.bss
                                  fe9f2200  fe9f29ff       800   4
comGRAMB.bss
                                  fef00000  fef00003         4   4

*** Symbol List ***

SECTION=
FILE=                               START        END    SIZE
  SYMBOL                            ADDR        SIZE    INFO      COUNTS  OPT

SECTION=EIINTTBL_PE2
FILE=DefaultBuild\vecttbl_pe2.obj
                                  00800000  0080007f        80

SECTION=EIINTTBL_PE1_2
FILE=DefaultBuild\vecttbl_pe1_2.obj
                                  00800080  008003ff       380

SECTION=.const
FILE=DefaultBuild\fb_kpwm_tbl.obj
                                  00801000  00801803       804
  _f4_k_pwm_tbl
                                  00801000       804   data ,g         * 
FILE=DefaultBuild\fb_therm_tbl_module.obj
                                  00801804  00801903       100
  _S2_THERM_MODULE_TBL0
                                  00801804       100   data ,g         * 
FILE=DefaultBuild\fb_vctrlerr_tbl.obj
                                  00801904  00801d07       404
  _f4_vctrlerr_tbl
                                  00801904       404   data ,g         * 
FILE=cmdmoni_wt
                                  00801d08  00801d17        10
  _LengthMask.1
                                  00801d08        10   data ,l         * 
FILE=logf
                                  00801d18  00801d77        60
  _log_coeff_l.1
                                  00801d18         0   none ,l         * 
  _log_coeff_r.2
                                  00801d48         0   none ,l         * 

SECTION=.INIT_DSEC.const
FILE=DefaultBuild\cstart2.obj
                                  00801d78  00801d83         c

SECTION=.INIT_BSEC.const
FILE=DefaultBuild\cstart2.obj
                                  00801d84  00801d8b         8

SECTION=.text.cmn
FILE=DefaultBuild\cstart2.obj
                                  00801d8c  00801df3        68
  __cstart_pm2
                                  00801d8c         0   none ,g         * 
  _exit
                                  00801df2         0   none ,l         * 

SECTION=com.text
FILE=DefaultBuild\fi_pe2_error.obj
                                  00801df4  00801e8d        9a
  _Dummy_func_pe2
                                  00801df4         a   func ,g         * 
  _Dummy_EI_func_pe2
                                  00801dfe        90   func ,g         * 

SECTION=.text
FILE=DefaultBuild\fi_pe2_error.obj
                                  00801e8e  00801fad       120
  _Dummy_EI_PE2
                                  00801e8e        90   func ,g         * 
  _Dummy_EI_PE12
                                  00801f1e        90   func ,g         * 
FILE=DefaultBuild\cstart2.obj
                                  00801fae  00801fb9         c
  _set_table_reference_method
                                  00801fae         0   none ,l         * 
FILE=DefaultBuild\io_CPU.obj
                                  00801fba  0080266d       6b4
  _cpu_init
                                  00801fba        36   func ,g         * 
  _ecm2_init
                                  00801ff0       29a   func ,g         * 
  _clock_init
                                  0080228a        e0   func ,g         * 
  _errout_set
                                  0080236a        2a   func ,g         * 
  _u4_emc_status
                                  00802394        64   func ,g         * 
  _pbg_prot_clr
                                  008023f8       1fe   func ,g         * 
  _core0_peg_init
                                  008025f6        3c   func ,g         * 
  _core1_peg_init
                                  00802632        3c   func ,g         * 
FILE=DefaultBuild\io_ADC.obj
                                  0080266e  0080371f      10b2
  _adcc0_init
                                  0080266e       774   func ,g         * 
  _adcc1_init
                                  00802de2       772   func ,g         * 
  _adcc0_sg4_trig_set
                                  00803554        6c   func ,g         * 
  _adcc1_sg4_trig_set
                                  008035c0        6c   func ,g         * 
  _adcc0_sg4_int_init
                                  0080362c        7a   func ,g         * 
  _adcc1_sg4_int_init
                                  008036a6        7a   func ,g         * 
FILE=DefaultBuild\io_CSIH0.obj
                                  00803720  008038ed       1ce
  _csih0_init
                                  00803720        d0   func ,g         * 
  _u1_CSIH0_SO_1byte
                                  008037f0        20   func ,g         * 
  _u1_CSIH0_SO_2byte
                                  00803810        20   func ,g         * 
  _u1_CSIH0_SI_1byte
                                  00803830        26   func ,g         * 
  _u1_CSIH0_SI_2byte
                                  00803856        2a   func ,g         * 
  _csih0_tx_intlv_init
                                  00803880        6e   func ,g         * 
FILE=DefaultBuild\io_CSIH1.obj
                                  008038ee  00803d8d       4a0
  _csih1_init
                                  008038ee        d0   func ,g         * 
  _csih1_RA270000_init
                                  008039be        c0   func ,g         * 
  _u1_CSIH1_SO_1byte
                                  00803a7e        20   func ,g         * 
  _u1_CSIH1_SO_2byte
                                  00803a9e        20   func ,g         * 
  _u1_CSIH1_SI_1byte
                                  00803abe        26   func ,g         * 
  _u1_CSIH1_SI_2byte
                                  00803ae4        26   func ,g         * 
  _csih1_tx_intlv_init
                                  00803b0a        6e   func ,g         * 
  _u1_TX1_RA270000
                                  00803b78        34   func ,g         * 
  _u1_RX1_RA270000
                                  00803bac        26   func ,g         * 
  _csih1_eeprom_init
                                  00803bd2        dc   func ,g         * 
  _u1_CSIH1_EPIF_TX_2byte
                                  00803cae        28   func ,g         * 
  _u1_CSIH1_EPIF_TX_1byte
                                  00803cd6        28   func ,g         * 
  _u1_CSIH1_EPIF_RX_2byte
                                  00803cfe        26   func ,g         * 
  _u1_CSIH1_EPIF_RX_1byte
                                  00803d24        26   func ,g         * 
  _eprom_cs
                                  00803d4a        44   func ,g         * 
FILE=DefaultBuild\io_ENCA0.obj
                                  00803d8e  0080405d       2d0
  _enca0_init
                                  00803d8e       1d4   func ,g         * 
  _u2_enca0_cnt_read
                                  00803f62        24   func ,g         * 
  _enca0_stop
                                  00803f86         a   func ,g         * 
  _enca0_start
                                  00803f90         a   func ,g         * 
  _enca0_cnt_set
                                  00803f9a        30   func ,g         * 
  _enca0_ccr1_set
                                  00803fca        26   func ,g         * 
  _enca0_init_interrupt
                                  00803ff0        6e   func ,g         * 
FILE=DefaultBuild\io_ENCA1.obj
                                  0080405e  0080435b       2fe
  _enca1_init
                                  0080405e       202   func ,g         * 
  _u2_enca1_cnt_read
                                  00804260        24   func ,g         * 
  _enca1_stop
                                  00804284         a   func ,g         * 
  _enca1_start
                                  0080428e         a   func ,g         * 
  _enca1_cnt_set
                                  00804298        30   func ,g         * 
  _enca1_ccr1_set
                                  008042c8        26   func ,g         * 
  _enca1_init_interrupt
                                  008042ee        6e   func ,g         * 
FILE=DefaultBuild\io_FCAN.obj
                                  0080435c  008057fd      14a2
  _can_init
                                  0080435c       b2e   func ,g         * 
  _can_setup_rx_mbox
                                  00804e8a        b4   func ,g         * 
  _can_setup_tx_mbox
                                  00804f3e        ac   func ,g         * 
  _can_tx_data
                                  00804fea        ea   func ,g         * 
  _can0_init
                                  008050d4        5a   func ,g         * 
  _can1_init
                                  0080512e        5a   func ,g         * 
  _can2_init
                                  00805188        5a   func ,g         * 
  _can3_init
                                  008051e2        5a   func ,g         * 
  _can_rx_data
                                  0080523c        5c   func ,g         * 
  _u4_rx_fifo_chk
                                  00805298        12   func ,g         * 
  _can_module_busoffchk
                                  008052aa        20   func ,g         * 
  _can_module_chk
                                  008052ca         e   func ,g         * 
  _can_chint_init
                                  008052d8       468   func ,g         * 
  _can_gint_init
                                  00805740        be   func ,g         * 
FILE=DefaultBuild\io_RDC20.obj
                                  008057fe  0080605b       85e
  _rdc20_init
                                  008057fe       506   func ,g         * 
  _u2_rdc20str_read
                                  00805d04        44   func ,g         * 
  _u2_rdc20_cnt_read
                                  00805d48         e   func ,g         * 
  _rdc20_init_interrupt
                                  00805d56       184   func ,g         * 
  _rdc20_cmp0_set
                                  00805eda        18   func ,g         * 
  _rdc20_cmp1_set
                                  00805ef2        18   func ,g         * 
  _rdc20_cmp2_set
                                  00805f0a        18   func ,g         * 
  _s4_rdc20_rpm
                                  00805f22       108   func ,g         * 
  _u2_read_rdc20_status
                                  0080602a        1c   func ,g         * 
  _rdc20_ABZ_Terminal_output
                                  00806046        16   func ,g         * 
FILE=DefaultBuild\io_RDC21.obj
                                  0080605c  0080689b       840
  _rdc21_init
                                  0080605c       506   func ,g         * 
  _u2_rdc21str_read
                                  00806562        44   func ,g         * 
  _u2_rdc21_cnt_read
                                  008065a6         e   func ,g         * 
  _rdc21_init_interrupt
                                  008065b4       166   func ,g         * 
  _rdc21_cmp0_set
                                  0080671a        18   func ,g         * 
  _rdc21_cmp1_set
                                  00806732        18   func ,g         * 
  _rdc21_cmp2_set
                                  0080674a        18   func ,g         * 
  _s4_rdc21_rpm
                                  00806762       108   func ,g         * 
  _u2_read_rdc21_status
                                  0080686a        1c   func ,g         * 
  _rdc21_ABZ_Terminal_output
                                  00806886        16   func ,g         * 
FILE=DefaultBuild\io_SCI0_40MHz.obj
                                  0080689c  00806c2b       390
  _sci0_init
                                  0080689c       33c   func ,g         * 
  _sci0_start
                                  00806bd8        12   func ,g         * 
  _sci0_stop
                                  00806bea         e   func ,g         * 
  _u1_SO30_1byte
                                  00806bf8        18   func ,g         * 
  _u1_SI30_1byte
                                  00806c10        1c   func ,g         * 
FILE=DefaultBuild\io_SCI1_40MHz.obj
                                  00806c2c  00806e35       20a
  _sci1_init
                                  00806c2c       1ee   func ,g         * 
  _sci1_start
                                  00806e1a         e   func ,g         * 
  _sci1_stop
                                  00806e28         e   func ,g         * 
FILE=DefaultBuild\io_SCI2_40MHz.obj
                                  00806e36  00807041       20c
  _sci2_init
                                  00806e36       1f0   func ,g         * 
  _sci2_start
                                  00807026         e   func ,g         * 
  _sci2_stop
                                  00807034         e   func ,g         * 
FILE=DefaultBuild\io_TAUD0.obj
                                  00807042  008080df      109e
  _taud0prescale_0_2_8_0_init
                                  00807042        16   func ,g         * 
  _taud0prescale_0_2_64_0_init
                                  00807058        16   func ,g         * 
  _taud0_stop
                                  0080706e         a   func ,g         * 
  _interval00_init
                                  00807078       116   func ,g         * 
  _interval00_start
                                  0080718e         a   func ,g         * 
  _interval00_stop
                                  00807198         a   func ,g         * 
  _interval01_init
                                  008071a2       118   func ,g         * 
  _interval01_start
                                  008072ba         a   func ,g         * 
  _interval01_stop
                                  008072c4         a   func ,g         * 
  _interval02_init
                                  008072ce       118   func ,g         * 
  _interval02_start
                                  008073e6         a   func ,g         * 
  _interval02_stop
                                  008073f0         a   func ,g         * 
  _interval03_init
                                  008073fa       118   func ,g         * 
  _interval03_start
                                  00807512         a   func ,g         * 
  _interval03_stop
                                  0080751c         a   func ,g         * 
  _interval04_init
                                  00807526       11a   func ,g         * 
  _interval04_start
                                  00807640         c   func ,g         * 
  _interval04_stop
                                  0080764c         c   func ,g         * 
  _stopwatch0_init
                                  00807658        b2   func ,g         * 
  _stopwatch0_start
                                  0080770a        10   func ,g         * 
  _stopwatch0_stop
                                  0080771a        1e   func ,g         * 
  _freq_capture5_init
                                  00807738       126   func ,g         * 
  _freq_capture5_start
                                  0080785e         c   func ,g         * 
  _freq_capture5_flag_read
                                  0080786a        12   func ,g         * 
  _freq_capture6_11_init
                                  0080787c       32c   func ,g         * 
  _freq_capture6_11_start
                                  00807ba8         c   func ,g         * 
  _freq_capture6_11_stop
                                  00807bb4         c   func ,g         * 
  _temp_capture6_read
                                  00807bc0        5a   func ,g         * 
  _temp_capture7_read
                                  00807c1a        5a   func ,g         * 
  _temp_capture8_read
                                  00807c74        5a   func ,g         * 
  _temp_capture9_read
                                  00807cce        5a   func ,g         * 
  _temp_capture10_read
                                  00807d28        5a   func ,g         * 
  _temp_capture11_read
                                  00807d82        5a   func ,g         * 
  _temp_capture6_11_ovfclr
                                  00807ddc        38   func ,g         * 
  _freq_capture6_flag_read
                                  00807e14        12   func ,g         * 
  _freq_capture7_flag_read
                                  00807e26        12   func ,g         * 
  _freq_capture8_flag_read
                                  00807e38        12   func ,g         * 
  _freq_capture9_flag_read
                                  00807e4a        12   func ,g         * 
  _freq_capture10_flag_read
                                  00807e5c        12   func ,g         * 
  _freq_capture11_flag_read
                                  00807e6e        12   func ,g         * 
  _pwm0_7_init
                                  00807e80       1de   func ,g         * 
  _pwm0_7_tim_start
                                  0080805e         c   func ,g         * 
  _pwm0_7_tim_stop
                                  0080806a         c   func ,g         * 
  _pwm0_7_start
                                  00808076         c   func ,g         * 
  _pwm0_7_stop
                                  00808082         c   func ,g         * 
  _pwm0_7_setm_f
                                  0080808e        52   func ,g         * 
FILE=DefaultBuild\io_TAUD1.obj
                                  008080e0  00808e05       d26
  _taud1prescale_0_2_8_0_init
                                  008080e0        16   func ,g         * 
  _taud1prescale_0_2_32_0_init
                                  008080f6        16   func ,g         * 
  _taud1prescale_0_2_64_0_init
                                  0080810c        16   func ,g         * 
  _taud1_stop
                                  00808122         a   func ,g         * 
  _interval10_init
                                  0080812c       116   func ,g         * 
  _interval10_start
                                  00808242         a   func ,g         * 
  _interval10_stop
                                  0080824c         a   func ,g         * 
  _interval12_init
                                  00808256       118   func ,g         * 
  _interval12_start
                                  0080836e         a   func ,g         * 
  _interval12_stop
                                  00808378         a   func ,g         * 
  _interval13_init
                                  00808382       118   func ,g         * 
  _interval13_start
                                  0080849a         a   func ,g         * 
  _interval13_stop
                                  008084a4         a   func ,g         * 
  _interval14_init
                                  008084ae       11a   func ,g         * 
  _interval14_start
                                  008085c8         c   func ,g         * 
  _interval14_stop
                                  008085d4         c   func ,g         * 
  _stopwatch1_init
                                  008085e0        b2   func ,g         * 
  _stopwatch1_start
                                  00808692        10   func ,g         * 
  _stopwatch1_stop
                                  008086a2        1e   func ,g         * 
  _level_capture6_11_init
                                  008086c0       1f4   func ,g         * 
  _level_capture6_11_start
                                  008088b4         c   func ,g         * 
  _levelcapture6_11_stop
                                  008088c0         c   func ,g         * 
  _level_capture6_flag_read
                                  008088cc        12   func ,g         * 
  _level_capture7_flag_read
                                  008088de        12   func ,g         * 
  _level_capture8_flag_read
                                  008088f0        12   func ,g         * 
  _level_capture9_flag_read
                                  00808902        12   func ,g         * 
  _level_capture10_flag_read
                                  00808914        12   func ,g         * 
  _level_capture11_flag_read
                                  00808926        12   func ,g         * 
  _pwm1_15_init
                                  00808938       1de   func ,g         * 
  _pwm1_15_tim_start
                                  00808b16         c   func ,g         * 
  _pwm1_15_tim_stop
                                  00808b22         c   func ,g         * 
  _pwm1_15_start
                                  00808b2e         c   func ,g         * 
  _pwm1_15_stop
                                  00808b3a         c   func ,g         * 
  _pwm1_15_setm_f
                                  00808b46        52   func ,g         * 
  _phase_capture1_1_init
                                  00808b98        ec   func ,g         * 
  _phase_capture1_1_start
                                  00808c84         a   func ,g         * 
  _phase_capture1_1_stop
                                  00808c8e         a   func ,g         * 
  _phase_capture1_1_cnt_read
                                  00808c98        1c   func ,g         * 
  _phase_capture1_1_flag_read
                                  00808cb4        12   func ,g         * 
  _phase_capture1_15_init
                                  00808cc6        ee   func ,g         * 
  _phase_capture1_15_start
                                  00808db4         c   func ,g         * 
  _phase_capture1_15_stop
                                  00808dc0         c   func ,g         * 
  _phase_capture1_15_cnt_read
                                  00808dcc        1c   func ,g         * 
  _phase_capture1_15_flag_read
                                  00808de8        12   func ,g         * 
  _phase_capture1_1_1_15_start
                                  00808dfa         c   func ,g         * 
FILE=DefaultBuild\io_TAUJ0.obj
                                  00808e06  00809721       91c
  _tauj0prescale0_2_8_0_init
                                  00808e06        16   func ,g         * 
  _tauj0_stop
                                  00808e1c         a   func ,g         * 
  _pwm0_2_init
                                  00808e26       17c   func ,g         * 
  _pwm0_2_tim_start
                                  00808fa2        12   func ,g         * 
  _pwm0_2_tim_stop
                                  00808fb4        12   func ,g         * 
  _pwm0_2_start
                                  00808fc6        18   func ,g         * 
  _pwm0_2_stop
                                  00808fde        18   func ,g         * 
  _set_pwm0_2_m
                                  00808ff6        4a   func ,g         * 
  _set_pwm0_2_mf
                                  00809040        94   func ,g         * 
  _pwm0_3_init
                                  008090d4       17c   func ,g         * 
  _pwm0_3_tim_start
                                  00809250        12   func ,g         * 
  _pwm0_3_tim_stop
                                  00809262        12   func ,g         * 
  _pwm0_3_start
                                  00809274        18   func ,g         * 
  _pwm0_3_stop
                                  0080928c        18   func ,g         * 
  _set_pwm0_3_m
                                  008092a4        4a   func ,g         * 
  _set_pwm0_3_mf
                                  008092ee        94   func ,g         * 
  _freq_capture0_init
                                  00809382        ea   func ,g         * 
  _freq_capture0_start
                                  0080946c         a   func ,g         * 
  _freq_capture0_stop
                                  00809476         a   func ,g         * 
  _freq_capture0_cnt_read
                                  00809480        24   func ,g         * 
  _freq_capture0_flag_read
                                  008094a4        12   func ,g         * 
  _freq_capture1_init
                                  008094b6        ec   func ,g         * 
  _freq_capture1_start
                                  008095a2         a   func ,g         * 
  _freq_capture1_stop
                                  008095ac         a   func ,g         * 
  _freq_capture1_cnt_read
                                  008095b6        24   func ,g         * 
  _freq_capture1_flag_read
                                  008095da        12   func ,g         * 
  _freq_capture2_init
                                  008095ec        ec   func ,g         * 
  _freq_capture2_start
                                  008096d8         a   func ,g         * 
  _freq_capture2_stop
                                  008096e2         a   func ,g         * 
  _freq_capture2_cnt_read
                                  008096ec        24   func ,g         * 
  _freq_capture2_flag_read
                                  00809710        12   func ,g         * 
FILE=DefaultBuild\io_TSG30.obj
                                  00809722  0080a545       e24
  _tsg30_init
                                  00809722       40a   func ,g         * 
  _tsg30_start
                                  00809b2c         a   func ,g         * 
  _tsg30_stop
                                  00809b36         a   func ,g         * 
  _dpinv0_start
                                  00809b40        18   func ,g         * 
  _dpinv0_stop
                                  00809b58        18   func ,g         * 
  _dpinv0_set_addelay
                                  00809b70        20   func ,g         * 
  _dpinv0_setuvwf_f_V1
                                  00809b90       19a   func ,g         * 
  _dpinv0_setuvwf_f_V2
                                  00809d2a       1a6   func ,g         * 
  _dpinv0_setuvwf_f_V3
                                  00809ed0       288   func ,g         * 
  _dpinv0_extgb_init
                                  0080a158        82   func ,g         * 
  _dpinv0_extgb_status
                                  0080a1da        10   func ,g         * 
  _dpinv0_extgb_clr
                                  0080a1ea         a   func ,g         * 
  _tsg30_111int_stop
                                  0080a1f4        3a   func ,g         * 
  _dpinv0_setuvw_1pulse
                                  0080a22e        16   func ,g         * 
  _dpinv0_gatectrl
                                  0080a244        8a   func ,g         * 
  _tsg30_31_start
                                  0080a2ce        22   func ,g         * 
  _tsg30_TSG30O0_out
                                  0080a2f0         c   func ,g         * 
  _dpinv01_setuvw_1pulse
                                  0080a2fc        22   func ,g         * 
  _dpinv0_set_freq
                                  0080a31e       228   func ,g         * 
FILE=DefaultBuild\io_TSG31.obj
                                  0080a546  0080b34f       e0a
  _tsg31_init
                                  0080a546       40a   func ,g         * 
  _tsg31_start
                                  0080a950         a   func ,g         * 
  _tsg31_stop
                                  0080a95a         a   func ,g         * 
  _dpinv1_start
                                  0080a964        18   func ,g         * 
  _dpinv1_stop
                                  0080a97c        18   func ,g         * 
  _dpinv1_set_addelay
                                  0080a994        20   func ,g         * 
  _dpinv1_setuvwf_f_V1
                                  0080a9b4       19a   func ,g         * 
  _dpinv1_setuvwf_f_V2
                                  0080ab4e       1a6   func ,g         * 
  _dpinv1_setuvwf_f_V3
                                  0080acf4       288   func ,g         * 
  _dpinv1_extgb_init
                                  0080af7c        82   func ,g         * 
  _dpinv1_extgb_status
                                  0080affe        10   func ,g         * 
  _dpinv1_extgb_clr
                                  0080b00e         a   func ,g         * 
  _tsg31_111int_stop
                                  0080b018        3a   func ,g         * 
  _dpinv1_setuvw_1pulse
                                  0080b052        16   func ,g         * 
  _dpinv1_gatectrl
                                  0080b068        5c   func ,g         * 
  _re_set_port_for_conv
                                  0080b0c4        28   func ,g         * 
  _dpconv1_start
                                  0080b0ec        18   func ,g         * 
  _dpconv1_stop
                                  0080b104        18   func ,g         * 
  _tsg31_TSG31O0_out
                                  0080b11c         c   func ,g         * 
  _dpinv1_set_freq
                                  0080b128       228   func ,g         * 
FILE=DefaultBuild\VECLIB_CMDMONI.obj
                                  0080b350  0080b373        24
  _VECLIB_CMDMONI_INIT
                                  0080b350         4   func ,g         * 
  _VECLIB_CMDMONI_MAIN
                                  0080b354        10   func ,g         * 
  _VECLIB_CMDMONI_1MS
                                  0080b364         4   func ,g         * 
  _VECLIB_CMDMONI_PWM
                                  0080b368         4   func ,g         * 
  _VECLIB_CMDMONI_INTR
                                  0080b36c         4   func ,g         * 
  _VECLIB_CMDMONI_INTRE
                                  0080b370         4   func ,g         * 
FILE=DefaultBuild\fpmsm_main.obj
                                  0080b374  0080b481       10e
  _main
                                  0080b374        ce   func ,g         * 
  _fb_main_start_init
                                  0080b442        20   func ,g         * 
  _fb_main_error_init
                                  0080b462        20   func ,g         * 
FILE=DefaultBuild\fi_AWatcher.obj
                                  0080b482  0080b671       1f0
  _fi_awc_rx
                                  0080b482        e0   func ,g         * 
  _fi_awc_re
                                  0080b562       110   func ,g         * 
FILE=DefaultBuild\fi_1ms_int.obj
                                  0080b672  0080b719        a8
  _fi_1ms_int
                                  0080b672        a6   func ,g         * 
  _fb_1ms_int_init
                                  0080b718         2   func ,g         * 
FILE=DefaultBuild\fi_20us_int.obj
                                  0080b71a  0080b7c1        a8
  _fi_20us_int
                                  0080b71a        a6   func ,g         * 
  _fb_20us_int_init
                                  0080b7c0         2   func ,g         * 
FILE=DefaultBuild\fi_enc1_int.obj
                                  0080b7c2  0080b861        a0
  _fi_enc1_int
                                  0080b7c2        9e   func ,g         * 
  _fb_enc1_int_init
                                  0080b860         2   func ,g         * 
FILE=DefaultBuild\fi_pwm_int.obj
                                  0080b862  0080b90d        ac
  _fi_pwm_int
                                  0080b862        aa   func ,g         * 
  _fb_pwm_int_init
                                  0080b90c         2   func ,g         * 
FILE=DefaultBuild\fb_therm_calc.obj
                                  0080b90e  0080ba25       118
  _f4_thermister_calc_2_8
                                  0080b90e       118   func ,g         * 
FILE=DefaultBuild\fb_therm_tbl_module.obj
                                  0080ba26  0080ba65        40
  _s2_therm_module_calc_lsb2
                                  0080ba26        40   func ,g         * 
FILE=DefaultBuild\fi_pwm_vctrlerrtbl.obj
                                  0080ba66  0080baff        9a
  _fi_pwm_vctrlerrtbl
                                  0080ba66        90   func ,g         * 
  _fb_pwm_vctrlerr_init
                                  0080baf6         a   func ,g         * 
FILE=DefaultBuild\io_PIO_amdt0530.obj
                                  0080bb00  0080c195       696
  _pio_init
                                  0080bb00       168   func ,g         * 
  _ex_intpx_init
                                  0080bc68       484   func ,g         * 
  _intpx_status_read
                                  0080c0ec        aa   func ,g         * 
FILE=cmdmoni_wt
                                  0080c196  0080d83d      16a8
  _MD_WT_INTRE
                                  0080c196        28   func ,g         * 
  _MD_WT_INTR
                                  0080c1be       89e   func ,g         * 
  _CMDMONI_WT_INIT
                                  0080ca5c        be   func ,g         * 
  _CMDMONI_WT_TRACEHALT.1
                                  0080cb1a        24   func ,l         * 
  _CMDMONI_WT_TRACEWATCH
                                  0080cb3e       580   func ,g         * 
  _CMDMONI_WT_CHECKCMD
                                  0080d0be       57e   func ,g         * 
  _CMDMONI_WT_SENDCMD
                                  0080d63c        c8   func ,g         * 
  _CMDMONI_WT_1MS
                                  0080d704        26   func ,g         * 
  _zop_CalcCheckSum.1
                                  0080d72a        56   func ,l         * 
  _zop_PressSend.1
                                  0080d780        be   func ,l         * 
FILE=initsct_rh
                                  0080d83e  0080d8ed        b0
  __INITSCT_RH
                                  0080d83e         0   none ,g         * 
FILE=logf
                                  0080d8ee  0080db27       23a
  _logf
                                  0080d8ee         0   none ,g         * 
  _poly_logf.1
                                  0080da92         0   none ,l         * 
FILE=com7d
                                  0080db28  0080db2f         8
  __REL_errno
                                  0080db28         0   none ,g         * 
FILE=frexpf
                                  0080db30  0080dbbd        8e
  _frexpf
                                  0080db30         0   none ,g         * 
FILE=logfspecial
                                  0080dbbe  0080dbed        30
  __REL_logf_special
                                  0080dbbe         0   none ,g         * 
FILE=nanf
                                  0080dbee  0080dbf3         6
  __REL_nanf_value
                                  0080dbee         0   none ,g         * 
FILE=neginff
                                  0080dbf4  0080dbf9         6
  __REL_neginff_value
                                  0080dbf4         0   none ,g         * 
FILE=posinff
                                  0080dbfa  0080dbff         6
  __REL_posinff_value
                                  0080dbfa         0   none ,g         * 

SECTION=.data
FILE=DefaultBuild\io_TSG30.obj
                                  0080dc00  0080dc03         4
FILE=DefaultBuild\io_TSG31.obj
                                  0080dc04  0080dc07         4

SECTION=.data.R
FILE=DefaultBuild\io_TSG30.obj
                                  fe9f0000  fe9f0003         4
  ___u4_cnt_tsg30_1puls_offset
                                  fe9f0000         4   data ,g         * 
FILE=DefaultBuild\io_TSG31.obj
                                  fe9f0004  fe9f0007         4
  ___u4_cnt_tsg31_1puls_offset
                                  fe9f0004         4   data ,g         * 

SECTION=.bss
FILE=DefaultBuild\io_ENCA0.obj
                                  fe9f0008  fe9f0009         2
  ___u2_enca0_cnt_max
                                  fe9f0008         2   data ,g         * 
FILE=DefaultBuild\io_ENCA1.obj
                                  fe9f000c  fe9f000d         2
  ___u2_enca1_cnt_max
                                  fe9f000c         2   data ,g         * 
FILE=DefaultBuild\io_FCAN.obj
                                  fe9f0010  fe9f1077      1068
  _can0
                                  fe9f0010        10   data ,g         * 
  _can1
                                  fe9f0020        10   data ,g         * 
  _can2
                                  fe9f0030        10   data ,g         * 
  _can3
                                  fe9f0040        10   data ,g         * 
  _rx_mbox_no
                                  fe9f0050         4   data ,g         * 
  _rx_mbox_id
                                  fe9f0054       200   data ,g         * 
  _rx_mbox_dlc
                                  fe9f0254       200   data ,g         * 
  _rx_mbox_length
                                  fe9f0454       200   data ,g         * 
  _rx_mbox_extened
                                  fe9f0654       200   data ,g         * 
  _rx_mbox_cnt
                                  fe9f0854        10   data ,g         * 
  _tx_mbox_no
                                  fe9f0864         4   data ,g         * 
  _tx_mbox_id
                                  fe9f0868       200   data ,g         * 
  _tx_mbox_dlc
                                  fe9f0a68       200   data ,g         * 
  _tx_mbox_length
                                  fe9f0c68       200   data ,g         * 
  _tx_mbox_extened
                                  fe9f0e68       200   data ,g         * 
  _tx_mbox_cnt
                                  fe9f1068        10   data ,g         * 
FILE=DefaultBuild\io_RDC20.obj
                                  fe9f1078  fe9f1078         1
  ___u1_rdc20str_sel
                                  fe9f1078         1   data ,g         * 
FILE=DefaultBuild\io_RDC21.obj
                                  fe9f107c  fe9f107c         1
  ___u1_rdc21str_sel
                                  fe9f107c         1   data ,g         * 
FILE=DefaultBuild\io_TAUD0.obj
                                  fe9f1080  fe9f1083         4
  ___u2_stopwatch_cnt_start
                                  fe9f1080         2   data ,g         * 
  ___u2_stopwatch_cnt_stop
                                  fe9f1082         2   data ,g         * 
FILE=DefaultBuild\io_TAUD1.obj
                                  fe9f1084  fe9f1087         4
  ___u2_stopwatch1_cnt_start
                                  fe9f1084         2   data ,g         * 
  ___u2_stopwatch1_cnt_stop
                                  fe9f1086         2   data ,g         * 
FILE=DefaultBuild\io_TSG30.obj
                                  fe9f1088  fe9f109b        14
  ___u1_tsg30_logic
                                  fe9f1088         1   data ,g         * 
  __S2_DPINV0_ADDLAY
                                  fe9f108a         2   data ,g         * 
  ___u1_read_tsg30_opt0
                                  fe9f108c         1   data ,g         * 
  _f_mu_old
                                  fe9f1090         4   data ,g         * 
  _f_mv_old
                                  fe9f1094         4   data ,g         * 
  _f_mw_old
                                  fe9f1098         4   data ,g         * 
FILE=DefaultBuild\io_TSG31.obj
                                  fe9f109c  fe9f10af        14
  ___u1_tsg31_logic
                                  fe9f109c         1   data ,g         * 
  __S2_DPINV1_ADDLAY
                                  fe9f109e         2   data ,g         * 
  ___u1_read_tsg31_opt0
                                  fe9f10a0         1   data ,g         * 
  _f_mu_old2
                                  fe9f10a4         4   data ,g         * 
  _f_mv_old2
                                  fe9f10a8         4   data ,g         * 
  _f_mw_old2
                                  fe9f10ac         4   data ,g         * 
FILE=DefaultBuild\fpmsm_main.obj
                                  fe9f10b0  fe9f10c1        12
  _u4_ecm_mstatus0_init
                                  fe9f10b0         4   data ,g         * 
  _u4_ecm_cstatus0_init
                                  fe9f10b4         4   data ,g         * 
  _u4_ecm_mstatus1_init
                                  fe9f10b8         4   data ,g         * 
  _u4_ecm_cstatus1_init
                                  fe9f10bc         4   data ,g         * 
  _u1_flag_awatcher_use_cpu1
                                  fe9f10c0         1   data ,g         * 
  _u1_cnt_main
                                  fe9f10c1         1   data ,g         * 
FILE=DefaultBuild\fi_AWatcher.obj
                                  fe9f10c4  fe9f10cb         8
  _u4_cnt_re_oer
                                  fe9f10c4         4   data ,g         * 
  _u4_cnt_re_fer
                                  fe9f10c8         4   data ,g         * 
FILE=DefaultBuild\fi_1ms_int.obj
                                  fe9f10cc  fe9f10cf         4
  _u4_cnt_1ms_inv1
                                  fe9f10cc         4   data ,g         * 
FILE=DefaultBuild\fi_20us_int.obj
                                  fe9f10d0  fe9f10d0         1
  _u1_cnt_20us_int_inv1
                                  fe9f10d0         1   data ,g         * 
FILE=DefaultBuild\fi_enc1_int.obj
                                  fe9f10d4  fe9f10d4         1
  _u1_cnt_enc1_int
                                  fe9f10d4         1   data ,g         * 
FILE=DefaultBuild\fi_pwm_int.obj
                                  fe9f10d8  fe9f10db         4
  _u4_cnt_pwm_inv1
                                  fe9f10d8         4   data ,g         * 
FILE=DefaultBuild\fi_pwm_vctrlerrtbl.obj
                                  fe9f10dc  fe9f10dd         2
  _u2_cnt_vctrltbl
                                  fe9f10dc         2   data ,g         * 
FILE=cmdmoni_wt
                                  fe9f10e0  fe9f21fb      111c
  _snd_ringbuf.5
                                  fe9f10e0        80   data ,l         * 
  _iRd.6
                                  fe9f1160         4   data ,l         * 
  _iWr.7
                                  fe9f1164         4   data ,l         * 
  _rcv_cmdbuf.8
                                  fe9f1168        18   data ,l         * 
  _snd_cmdbuf.9
                                  fe9f1180        20   data ,l         * 
  _buf_trace.10
                                  fe9f11a0      1000   data ,l         * 
  _idy_trace.11
                                  fe9f21a0         4   data ,l         * 
  _idy_copy_trace.12
                                  fe9f21a4         4   data ,l         * 
  _iTraceCount.13
                                  fe9f21a8         4   data ,l         * 
  _iTraceCntMax.14
                                  fe9f21ac         4   data ,l         * 
  _iIntervalCount.15
                                  fe9f21b0         4   data ,l         * 
  _iTraceID.16
                                  fe9f21b4         4   data ,l         * 
  _iReceiveCount.17
                                  fe9f21b8         4   data ,l         * 
  _ptr_adrs.18
                                  fe9f21bc        10   data ,l         * 
  _adrs_size.19
                                  fe9f21cc        10   data ,l         * 
  _iTrigLevel
                                  fe9f21dc         4   data ,g         * 
  _iTrigDelay
                                  fe9f21e0         4   data ,g         * 
  _itrig_cnt_delay
                                  fe9f21e4         4   data ,g         * 
  _itrig_cnt_wait
                                  fe9f21e8         4   data ,g         * 
  _itrig_data_old
                                  fe9f21ec         4   data ,g         * 
  _ubf_status.20
                                  fe9f21f0         4   data ,l         * 
  _cnt_wt_timeout.21
                                  fe9f21f4         4   data ,l         * 
  _u4_monitor_status
                                  fe9f21f8         4   data ,g         * 
FILE=com7d
                                  fe9f21fc  fe9f21ff         4
  __REL_errno_obj
                                  fe9f21fc         0   none ,l         * 

SECTION=.stack.bss
FILE=DefaultBuild\cstart2.obj
                                  fe9f2200  fe9f29ff       800
  _stacktop
                                  fe9f2a00         0   none ,l         * 

SECTION=comGRAMB.bss
FILE=DefaultBuild\fi_pe2_error.obj
                                  fef00000  fef00003         4
  _u4_flag_error_PE2
                                  fef00000         4   data ,g         * 

Absolute value symbols
FILE=DefaultBuild\MotorDirver0.obj
  __cstart_pm1
                                  0000d874         0   none ,g         * 
  _Dummy_func_pe1
                                  0000d8dc         0   none ,g         * 
  _Dummy_EI_func_pe1
                                  0000d8e6         0   none ,g         * 
  _u4_pe1_status
                                  feef0000         0   none ,g         * 
  _u1_status_awatcher_cpu2
                                  feef0004         0   none ,g         * 
  _u4_flag_error_PE1
                                  feef0008         0   none ,g         * 
  _u1_flag_awatcher_enable_cpu2
                                  feef000c         0   none ,g         * 
  _u4_pe2_status
                                  fef00000         0   none ,g         * 
  _u1_status_awatcher_cpu1
                                  fef00004         0   none ,g         * 
  _u1_flag_awatcher_enable_cpu1
                                  fef00008         0   none ,g         * 
FILE=rlink_generates_01
  __gp_data
                                  00000000         0   none ,g         * 
  __ep_data
                                  00000000         0   none ,g         * 
FILE=rlink_generates_02
  __s.text
                                  00801e8e         0   none ,g         * 
  __e.text
                                  0080dc00         0   none ,g         * 
  __S_text
                                  00801e8e         0   none ,g         * 
  __E_text
                                  0080dc00         0   none ,g         * 
  __scom.text
                                  00801df4         0   none ,g         * 
  __ecom.text
                                  00801e8e         0   none ,g         * 
  __Scom_text
                                  00801df4         0   none ,g         * 
  __Ecom_text
                                  00801e8e         0   none ,g         * 
  __scomGRAMB.bss
                                  fef00000         0   none ,g         * 
  __ecomGRAMB.bss
                                  fef00004         0   none ,g         * 
  __ScomGRAMB_bss
                                  fef00000         0   none ,g         * 
  __EcomGRAMB_bss
                                  fef00004         0   none ,g         * 
  __sEIINTTBL_PE2
                                  00800000         0   none ,g         * 
  __eEIINTTBL_PE2
                                  00800080         0   none ,g         * 
  __SEIINTTBL_PE2
                                  00800000         0   none ,g         * 
  __EEIINTTBL_PE2
                                  00800080         0   none ,g         * 
  __s.data
                                  0080dc00         0   none ,g         * 
  __e.data
                                  0080dc08         0   none ,g         * 
  __s.data.R
                                  fe9f0000         0   none ,g         * 
  __e.data.R
                                  fe9f0008         0   none ,g         * 
  __S_data
                                  0080dc00         0   none ,g         * 
  __E_data
                                  0080dc08         0   none ,g         * 
  __S_data_R
                                  fe9f0000         0   none ,g         * 
  __E_data_R
                                  fe9f0008         0   none ,g         * 
  __s.bss
                                  fe9f0008         0   none ,g         * 
  __e.bss
                                  fe9f2200         0   none ,g         * 
  __S_bss
                                  fe9f0008         0   none ,g         * 
  __E_bss
                                  fe9f2200         0   none ,g         * 
  __s.const
                                  00801000         0   none ,g         * 
  __e.const
                                  00801d78         0   none ,g         * 
  __S_const
                                  00801000         0   none ,g         * 
  __E_const
                                  00801d78         0   none ,g         * 
  __s.stack.bss
                                  fe9f2200         0   none ,g         * 
  __e.stack.bss
                                  fe9f2a00         0   none ,g         * 
  __S_stack_bss
                                  fe9f2200         0   none ,g         * 
  __E_stack_bss
                                  fe9f2a00         0   none ,g         * 
  __s.INIT_DSEC.const
                                  00801d78         0   none ,g         * 
  __e.INIT_DSEC.const
                                  00801d84         0   none ,g         * 
  __S_INIT_DSEC_const
                                  00801d78         0   none ,g         * 
  __E_INIT_DSEC_const
                                  00801d84         0   none ,g         * 
  __s.INIT_BSEC.const
                                  00801d84         0   none ,g         * 
  __e.INIT_BSEC.const
                                  00801d8c         0   none ,g         * 
  __S_INIT_BSEC_const
                                  00801d84         0   none ,g         * 
  __E_INIT_BSEC_const
                                  00801d8c         0   none ,g         * 
  __s.text.cmn
                                  00801d8c         0   none ,g         * 
  __e.text.cmn
                                  00801df4         0   none ,g         * 
  __S_text_cmn
                                  00801d8c         0   none ,g         * 
  __E_text_cmn
                                  00801df4         0   none ,g         * 
  __sEIINTTBL_PE1_2
                                  00800080         0   none ,g         * 
  __eEIINTTBL_PE1_2
                                  00800400         0   none ,g         * 
  __SEIINTTBL_PE1_2
                                  00800080         0   none ,g         * 
  __EEIINTTBL_PE1_2
                                  00800400         0   none ,g         * 

*** Unfilled Areas ***

AREA                                START    END

*** Delete Symbols ***

SYMBOL                                SIZE    INFO
