Renesas Optimizing Linker (W3.06.00 )             10-Jun-2026 15:48:29

*** Options ***

-subcommand=DefaultBuild\MotorDirver0.clnk
-input=DefaultBuild\fi_pe1_error.obj
-input=DefaultBuild\vecttbl_pe1.obj
-input=DefaultBuild\commonPE1toPE2.obj
-input=DefaultBuild\cstart1.obj
-input=DefaultBuild\io_CPU.obj
-input=DefaultBuild\io_ENCA0.obj
-input=DefaultBuild\io_ENCA1.obj
-input=DefaultBuild\io_FCAN.obj
-input=DefaultBuild\io_RDC20.obj
-input=DefaultBuild\io_SCI0_40MHz.obj
-input=DefaultBuild\io_SCI1_40MHz.obj
-input=DefaultBuild\io_SCI2_40MHz.obj
-input=DefaultBuild\io_TAUD0.obj
-input=DefaultBuild\io_TAUD1.obj
-input=DefaultBuild\io_TAUJ0.obj
-input=DefaultBuild\io_TSG30.obj
-input=DefaultBuild\io_TSG31.obj
-input=DefaultBuild\io_RDC21.obj
-input=DefaultBuild\VECLIB_CMDMONI.obj
-input=DefaultBuild\mathlib.obj
-input=DefaultBuild\vecttbl_pe1_2.obj
-input=DefaultBuild\io_CSIH0.obj
-input=DefaultBuild\io_ADC.obj
-input=DefaultBuild\io_CSIH1.obj
-input=DefaultBuild\fb_can0_ctrl.obj
-input=DefaultBuild\fb_hw_ctrl.obj
-input=DefaultBuild\fb_kpwm_tbl.obj
-input=DefaultBuild\fb_therm_calc.obj
-input=DefaultBuild\fb_vctrlerr_tbl.obj
-input=DefaultBuild\fi_1ms_int.obj
-input=DefaultBuild\fi_1ms_inv0_adctrl.obj
-input=DefaultBuild\fi_1ms_inv0_errctrl.obj
-input=DefaultBuild\fi_1ms_inv0_idqcom.obj
-input=DefaultBuild\fi_1ms_inv0_seqctrl.obj
-input=DefaultBuild\fi_1ms_inv0_wrctrl.obj
-input=DefaultBuild\fi_AWatcher.obj
-input=DefaultBuild\fi_pwm_int.obj
-input=DefaultBuild\fi_pwm_inv0_1pulse.obj
-input=DefaultBuild\fi_pwm_inv0_adctrl.obj
-input=DefaultBuild\fi_pwm_inv0_encctrl.obj
-input=DefaultBuild\fi_pwm_inv0_errctrl.obj
-input=DefaultBuild\fi_pwm_inv0_idqctrl.obj
-input=DefaultBuild\fi_pwm_inv0_invadj.obj
-input=DefaultBuild\fi_pwm_inv0_svctrl.obj
-input=DefaultBuild\fi_pwm_inv0_vctrlerr.obj
-input=DefaultBuild\fi_pwm_vctrlerrtbl.obj
-input=DefaultBuild\mapdata_trq_inv0.obj
-input=DefaultBuild\mapdata_trq_inv0_limit.obj
-input=DefaultBuild\mapdata_trq_inv0_map.obj
-input=DefaultBuild\mapdata_trq_inv0_map_limit.obj
-input=DefaultBuild\fb_can1_ctrl_init.obj
-input=DefaultBuild\fi_1ms_inv0_ifctrl.obj
-input=DefaultBuild\fi_pwm_inv0_syncctrl.obj
-input=DefaultBuild\mapdata_trq_inv0_map_power.obj
-input=DefaultBuild\fb_therm_tbl_module.obj
-input=DefaultBuild\commonPE2toPE1.obj
-input=DefaultBuild\MotorDriver1.obj
-input=DefaultBuild\io_PIO_amdt0530.obj
-input=DefaultBuild\fim_main.obj
-input=DefaultBuild\mapdata_lm_inv0_1d.obj
-input=DefaultBuild\mapdata_lm_inv0_1d_map.obj
-library=AWatcher\AWatcherSCI30_256.lib
-debug
-nocompress
-NOOPtimize
-output=DefaultBuild\MotorDirver0.abs
-library=v850e3v5\rhf4n.lib
-library=v850e3v5\libmalloc.lib
-list=DefaultBuild\MotorDirver0.map
-show=symbol
-start=EIINTTBL_PE1,EIINTTBL_PE1_2/00000000,.const,.INIT_DSEC.const,.INIT_BSEC.const,.text.cmn,com.text,.text,.data,comGRAMA.data,comGRAMB.data/00001000,.data.R,.bss,.stack.bss/FEBF0000,comGRAMA.data.R,comGRAMA.bss/FEEF0000,GRAMA.bss/FEEF2000,comGRAMB.data.R,comGRAMB.bss/FEF00000,GRAMB.bss/FEF02000
-fsymbol=.text.cmn
-fsymbol=com.text
-fsymbol=comGRAMA.data
-fsymbol=comGRAMA.bss
-fsymbol=comGRAMB.data
-fsymbol=comGRAMB.bss
-rom=.data=.data.R,comGRAMA.data=comGRAMA.data.R,comGRAMB.data=comGRAMB.data.R
-stack
-nologo
-end

*** Error information ***

W0561100:Cannot find "GRAMA.bss" specified in option "start"
W0561100:Cannot find "GRAMB.bss" specified in option "start"

*** Mapping List ***

SECTION                            START      END         SIZE   ALIGN
EIINTTBL_PE1
                                  00000000  0000007f        80   4
EIINTTBL_PE1_2
                                  00000080  000003ff       380   4
.const
                                  00001000  00004a1f      3a20   4
.INIT_DSEC.const
                                  00004a20  00004a43        24   4
.INIT_BSEC.const
                                  00004a44  00004a4b         8   4
.text.cmn
                                  00004a4c  00004ab3        68   2
com.text
                                  00004ab4  00004b4d        9a   2
.text
                                  00004b4e  0001b1cf     16682   2
.data
                                  0001b1d0  0001b1f6        27   4
comGRAMA.data
                                  0001b1f8  0001b1fc         5   4
comGRAMB.data
                                  0001b200  0001b204         5   4
.data.R
                                  febf0000  febf0026        27   4
.bss
                                  febf0028  febf2e5f      2e38   4
.stack.bss
                                  febf2e60  febf365f       800   4
comGRAMA.data.R
                                  feef0000  feef0004         5   4
comGRAMA.bss
                                  feef0008  feef000c         5   4
comGRAMB.data.R
                                  fef00000  fef00004         5   4
comGRAMB.bss
                                  fef00008  fef00008         1   4

*** Symbol List ***

SECTION=
FILE=                               START        END    SIZE
  SYMBOL                            ADDR        SIZE    INFO      COUNTS  OPT

SECTION=EIINTTBL_PE1
FILE=DefaultBuild\vecttbl_pe1.obj
                                  00000000  0000007f        80

SECTION=EIINTTBL_PE1_2
FILE=DefaultBuild\vecttbl_pe1_2.obj
                                  00000080  000003ff       380

SECTION=.const
FILE=DefaultBuild\mathlib.obj
                                  00001000  00002e07      1e08
  _u16_dpsin_tbl2
                                  00001000       804   data ,g         * 
  _u16_dpatan_tbl2
                                  00001804       200   data ,g         * 
  _u16_dpsqrt_tbl2
                                  00001a04       400   data ,g         * 
  _f4_atan2Table
                                  00001e04      1004   data ,g         * 
FILE=DefaultBuild\fb_kpwm_tbl.obj
                                  00002e08  0000360b       804
  _f4_k_pwm_tbl
                                  00002e08       804   data ,g         * 
FILE=DefaultBuild\fb_vctrlerr_tbl.obj
                                  0000360c  00003a0f       404
  _f4_vctrlerr_tbl
                                  0000360c       404   data ,g         * 
FILE=DefaultBuild\mapdata_trq_inv0_map.obj
                                  00003a10  00003f0b       4fc
  _map_tq_to_idq
                                  00003a10       4fc   data ,g         * 
FILE=DefaultBuild\mapdata_trq_inv0_map_limit.obj
                                  00003f0c  00003f37        2c
  _map_tq_limit
                                  00003f0c        2c   data ,g         * 
FILE=DefaultBuild\mapdata_trq_inv0_map_power.obj
                                  00003f38  00004433       4fc
  _map_tq_to_power
                                  00003f38       4fc   data ,g         * 
FILE=DefaultBuild\fb_therm_tbl_module.obj
                                  00004434  00004533       100
  _S2_THERM_MODULE_TBL0
                                  00004434       100   data ,g         * 
FILE=DefaultBuild\mapdata_lm_inv0_1d_map.obj
                                  00004534  00004937       404
  _map_lm_1d
                                  00004534       404   data ,g         * 
FILE=cmdmoni_wt
                                  00004938  00004947        10
  _LengthMask.1
                                  00004938        10   data ,l         * 
FILE=logf
                                  00004948  000049a7        60
  _log_coeff_l.1
                                  00004948         0   none ,l         * 
  _log_coeff_r.2
                                  00004978         0   none ,l         * 
FILE=consts
                                  000049a8  00004a07        60
  __IFZEROS
                                  000049a8         0   none ,g         * 
  __IFINFS
                                  000049ac         0   none ,g         * 
  __IFONES
                                  000049b0         0   none ,g         * 
  __HALFS
                                  000049b4         0   none ,g         * 
  __QUOTS
                                  000049b8         0   none ,g         * 
  __TWOS
                                  000049bc         0   none ,g         * 
  __FOURS
                                  000049c0         0   none ,g         * 
  __PAIS
                                  000049c4         0   none ,g         * 
  __2PAIS
                                  000049c8         0   none ,g         * 
  __HLFPAIS
                                  000049cc         0   none ,g         * 
  __QUOPAIS
                                  000049d0         0   none ,g         * 
  __LOGE2S
                                  000049d4         0   none ,g         * 
  __NIFZEROS
                                  000049d8         0   none ,g         * 
  __NIFINFS
                                  000049dc         0   none ,g         * 
  __NIFONES
                                  000049e0         0   none ,g         * 
  __NHALFS
                                  000049e4         0   none ,g         * 
  __NQUOTS
                                  000049e8         0   none ,g         * 
  __NTWOS
                                  000049ec         0   none ,g         * 
  __NFOURS
                                  000049f0         0   none ,g         * 
  __NPAIS
                                  000049f4         0   none ,g         * 
  __N2PAIS
                                  000049f8         0   none ,g         * 
  __NHLFPAIS
                                  000049fc         0   none ,g         * 
  __NQUOPAIS
                                  00004a00         0   none ,g         * 
  __NLOGE2S
                                  00004a04         0   none ,g         * 
FILE=_a_atans
                                  00004a08  00004a1f        18
  _atan_coef.1._app_atans
                                  00004a08         0   none ,l         * 

SECTION=.INIT_DSEC.const
FILE=DefaultBuild\cstart1.obj
                                  00004a20  00004a43        24

SECTION=.INIT_BSEC.const
FILE=DefaultBuild\cstart1.obj
                                  00004a44  00004a4b         8

SECTION=.text.cmn
FILE=DefaultBuild\cstart1.obj
                                  00004a4c  00004ab3        68
  __cstart_pm1
                                  00004a4c         0   none ,g         * 
  _exit
                                  00004ab2         0   none ,l         * 

SECTION=com.text
FILE=DefaultBuild\fi_pe1_error.obj
                                  00004ab4  00004b4d        9a
  _Dummy_func_pe1
                                  00004ab4         a   func ,g         * 
  _Dummy_EI_func_pe1
                                  00004abe        90   func ,g         * 

SECTION=.text
FILE=DefaultBuild\fi_pe1_error.obj
                                  00004b4e  00004c6d       120
  _Dummy_EI_PE1
                                  00004b4e        90   func ,g         * 
  _Dummy_EI_PE12
                                  00004bde        90   func ,g         * 
FILE=DefaultBuild\cstart1.obj
                                  00004c6e  00004c79         c
  _set_table_reference_method
                                  00004c6e         0   none ,l         * 
FILE=DefaultBuild\io_CPU.obj
                                  00004c7a  0000532d       6b4
  _cpu_init
                                  00004c7a        36   func ,g         * 
  _ecm2_init
                                  00004cb0       29a   func ,g         * 
  _clock_init
                                  00004f4a        e0   func ,g         * 
  _errout_set
                                  0000502a        2a   func ,g         * 
  _u4_emc_status
                                  00005054        64   func ,g         * 
  _pbg_prot_clr
                                  000050b8       1fe   func ,g         * 
  _core0_peg_init
                                  000052b6        3c   func ,g         * 
  _core1_peg_init
                                  000052f2        3c   func ,g         * 
FILE=DefaultBuild\io_ENCA0.obj
                                  0000532e  000055f9       2cc
  _enca0_init
                                  0000532e       1d0   func ,g         * 
  _u2_enca0_cnt_read
                                  000054fe        24   func ,g         * 
  _enca0_stop
                                  00005522         a   func ,g         * 
  _enca0_start
                                  0000552c         a   func ,g         * 
  _enca0_cnt_set
                                  00005536        30   func ,g         * 
  _enca0_ccr1_set
                                  00005566        26   func ,g         * 
  _enca0_init_interrupt
                                  0000558c        6e   func ,g         * 
FILE=DefaultBuild\io_ENCA1.obj
                                  000055fa  000058f7       2fe
  _enca1_init
                                  000055fa       202   func ,g         * 
  _u2_enca1_cnt_read
                                  000057fc        24   func ,g         * 
  _enca1_stop
                                  00005820         a   func ,g         * 
  _enca1_start
                                  0000582a         a   func ,g         * 
  _enca1_cnt_set
                                  00005834        30   func ,g         * 
  _enca1_ccr1_set
                                  00005864        26   func ,g         * 
  _enca1_init_interrupt
                                  0000588a        6e   func ,g         * 
FILE=DefaultBuild\io_FCAN.obj
                                  000058f8  00006d99      14a2
  _can_init
                                  000058f8       b2e   func ,g         * 
  _can_setup_rx_mbox
                                  00006426        b4   func ,g         * 
  _can_setup_tx_mbox
                                  000064da        ac   func ,g         * 
  _can_tx_data
                                  00006586        ea   func ,g         * 
  _can0_init
                                  00006670        5a   func ,g         * 
  _can1_init
                                  000066ca        5a   func ,g         * 
  _can2_init
                                  00006724        5a   func ,g         * 
  _can3_init
                                  0000677e        5a   func ,g         * 
  _can_rx_data
                                  000067d8        5c   func ,g         * 
  _u4_rx_fifo_chk
                                  00006834        12   func ,g         * 
  _can_module_busoffchk
                                  00006846        20   func ,g         * 
  _can_module_chk
                                  00006866         e   func ,g         * 
  _can_chint_init
                                  00006874       468   func ,g         * 
  _can_gint_init
                                  00006cdc        be   func ,g         * 
FILE=DefaultBuild\io_RDC20.obj
                                  00006d9a  000075f7       85e
  _rdc20_init
                                  00006d9a       506   func ,g         * 
  _u2_rdc20str_read
                                  000072a0        44   func ,g         * 
  _u2_rdc20_cnt_read
                                  000072e4         e   func ,g         * 
  _rdc20_init_interrupt
                                  000072f2       184   func ,g         * 
  _rdc20_cmp0_set
                                  00007476        18   func ,g         * 
  _rdc20_cmp1_set
                                  0000748e        18   func ,g         * 
  _rdc20_cmp2_set
                                  000074a6        18   func ,g         * 
  _s4_rdc20_rpm
                                  000074be       108   func ,g         * 
  _u2_read_rdc20_status
                                  000075c6        1c   func ,g         * 
  _rdc20_ABZ_Terminal_output
                                  000075e2        16   func ,g         * 
FILE=DefaultBuild\io_SCI0_40MHz.obj
                                  000075f8  00007987       390
  _sci0_init
                                  000075f8       33c   func ,g         * 
  _sci0_start
                                  00007934        12   func ,g         * 
  _sci0_stop
                                  00007946         e   func ,g         * 
  _u1_SO30_1byte
                                  00007954        18   func ,g         * 
  _u1_SI30_1byte
                                  0000796c        1c   func ,g         * 
FILE=DefaultBuild\io_SCI1_40MHz.obj
                                  00007988  00007b91       20a
  _sci1_init
                                  00007988       1ee   func ,g         * 
  _sci1_start
                                  00007b76         e   func ,g         * 
  _sci1_stop
                                  00007b84         e   func ,g         * 
FILE=DefaultBuild\io_SCI2_40MHz.obj
                                  00007b92  00007d9d       20c
  _sci2_init
                                  00007b92       1f0   func ,g         * 
  _sci2_start
                                  00007d82         e   func ,g         * 
  _sci2_stop
                                  00007d90         e   func ,g         * 
FILE=DefaultBuild\io_TAUD0.obj
                                  00007d9e  00008e31      1094
  _taud0prescale_0_2_8_0_init
                                  00007d9e        16   func ,g         * 
  _taud0prescale_0_2_64_0_init
                                  00007db4        16   func ,g         * 
  _taud0_stop
                                  00007dca         a   func ,g         * 
  _interval00_init
                                  00007dd4       116   func ,g         * 
  _interval00_start
                                  00007eea         a   func ,g         * 
  _interval00_stop
                                  00007ef4         a   func ,g         * 
  _interval01_init
                                  00007efe       118   func ,g         * 
  _interval01_start
                                  00008016         a   func ,g         * 
  _interval01_stop
                                  00008020         a   func ,g         * 
  _interval02_init
                                  0000802a       118   func ,g         * 
  _interval02_start
                                  00008142         a   func ,g         * 
  _interval02_stop
                                  0000814c         a   func ,g         * 
  _interval03_init
                                  00008156       118   func ,g         * 
  _interval03_start
                                  0000826e         a   func ,g         * 
  _interval03_stop
                                  00008278         a   func ,g         * 
  _interval04_init
                                  00008282       11a   func ,g         * 
  _interval04_start
                                  0000839c         c   func ,g         * 
  _interval04_stop
                                  000083a8         c   func ,g         * 
  _stopwatch0_init
                                  000083b4        b2   func ,g         * 
  _stopwatch0_start
                                  00008466        10   func ,g         * 
  _stopwatch0_stop
                                  00008476        1e   func ,g         * 
  _freq_capture5_init
                                  00008494       126   func ,g         * 
  _freq_capture5_start
                                  000085ba         c   func ,g         * 
  _freq_capture5_flag_read
                                  000085c6        12   func ,g         * 
  _freq_capture6_11_init
                                  000085d8       32c   func ,g         * 
  _freq_capture6_11_start
                                  00008904         c   func ,g         * 
  _freq_capture6_11_stop
                                  00008910         c   func ,g         * 
  _temp_capture6_read
                                  0000891c        5a   func ,g         * 
  _temp_capture7_read
                                  00008976        5a   func ,g         * 
  _temp_capture8_read
                                  000089d0        5a   func ,g         * 
  _temp_capture9_read
                                  00008a2a        5a   func ,g         * 
  _temp_capture10_read
                                  00008a84        5a   func ,g         * 
  _temp_capture11_read
                                  00008ade        5a   func ,g         * 
  _temp_capture6_11_ovfclr
                                  00008b38        38   func ,g         * 
  _freq_capture6_flag_read
                                  00008b70        12   func ,g         * 
  _freq_capture7_flag_read
                                  00008b82        12   func ,g         * 
  _freq_capture8_flag_read
                                  00008b94        12   func ,g         * 
  _freq_capture9_flag_read
                                  00008ba6        12   func ,g         * 
  _freq_capture10_flag_read
                                  00008bb8        12   func ,g         * 
  _freq_capture11_flag_read
                                  00008bca        12   func ,g         * 
  _pwm0_7_init
                                  00008bdc       1da   func ,g         * 
  _pwm0_7_tim_start
                                  00008db6         c   func ,g         * 
  _pwm0_7_tim_stop
                                  00008dc2         c   func ,g         * 
  _pwm0_7_start
                                  00008dce         c   func ,g         * 
  _pwm0_7_stop
                                  00008dda         c   func ,g         * 
  _pwm0_7_setm_f
                                  00008de6        4c   func ,g         * 
FILE=DefaultBuild\io_TAUD1.obj
                                  00008e32  00009b4d       d1c
  _taud1prescale_0_2_8_0_init
                                  00008e32        16   func ,g         * 
  _taud1prescale_0_2_32_0_init
                                  00008e48        16   func ,g         * 
  _taud1prescale_0_2_64_0_init
                                  00008e5e        16   func ,g         * 
  _taud1_stop
                                  00008e74         a   func ,g         * 
  _interval10_init
                                  00008e7e       116   func ,g         * 
  _interval10_start
                                  00008f94         a   func ,g         * 
  _interval10_stop
                                  00008f9e         a   func ,g         * 
  _interval12_init
                                  00008fa8       118   func ,g         * 
  _interval12_start
                                  000090c0         a   func ,g         * 
  _interval12_stop
                                  000090ca         a   func ,g         * 
  _interval13_init
                                  000090d4       118   func ,g         * 
  _interval13_start
                                  000091ec         a   func ,g         * 
  _interval13_stop
                                  000091f6         a   func ,g         * 
  _interval14_init
                                  00009200       11a   func ,g         * 
  _interval14_start
                                  0000931a         c   func ,g         * 
  _interval14_stop
                                  00009326         c   func ,g         * 
  _stopwatch1_init
                                  00009332        b2   func ,g         * 
  _stopwatch1_start
                                  000093e4        10   func ,g         * 
  _stopwatch1_stop
                                  000093f4        1e   func ,g         * 
  _level_capture6_11_init
                                  00009412       1f4   func ,g         * 
  _level_capture6_11_start
                                  00009606         c   func ,g         * 
  _levelcapture6_11_stop
                                  00009612         c   func ,g         * 
  _level_capture6_flag_read
                                  0000961e        12   func ,g         * 
  _level_capture7_flag_read
                                  00009630        12   func ,g         * 
  _level_capture8_flag_read
                                  00009642        12   func ,g         * 
  _level_capture9_flag_read
                                  00009654        12   func ,g         * 
  _level_capture10_flag_read
                                  00009666        12   func ,g         * 
  _level_capture11_flag_read
                                  00009678        12   func ,g         * 
  _pwm1_15_init
                                  0000968a       1da   func ,g         * 
  _pwm1_15_tim_start
                                  00009864         c   func ,g         * 
  _pwm1_15_tim_stop
                                  00009870         c   func ,g         * 
  _pwm1_15_start
                                  0000987c         c   func ,g         * 
  _pwm1_15_stop
                                  00009888         c   func ,g         * 
  _pwm1_15_setm_f
                                  00009894        4c   func ,g         * 
  _phase_capture1_1_init
                                  000098e0        ec   func ,g         * 
  _phase_capture1_1_start
                                  000099cc         a   func ,g         * 
  _phase_capture1_1_stop
                                  000099d6         a   func ,g         * 
  _phase_capture1_1_cnt_read
                                  000099e0        1c   func ,g         * 
  _phase_capture1_1_flag_read
                                  000099fc        12   func ,g         * 
  _phase_capture1_15_init
                                  00009a0e        ee   func ,g         * 
  _phase_capture1_15_start
                                  00009afc         c   func ,g         * 
  _phase_capture1_15_stop
                                  00009b08         c   func ,g         * 
  _phase_capture1_15_cnt_read
                                  00009b14        1c   func ,g         * 
  _phase_capture1_15_flag_read
                                  00009b30        12   func ,g         * 
  _phase_capture1_1_1_15_start
                                  00009b42         c   func ,g         * 
FILE=DefaultBuild\io_TAUJ0.obj
                                  00009b4e  0000a451       904
  _tauj0prescale0_2_8_0_init
                                  00009b4e        16   func ,g         * 
  _tauj0_stop
                                  00009b64         a   func ,g         * 
  _pwm0_2_init
                                  00009b6e       178   func ,g         * 
  _pwm0_2_tim_start
                                  00009ce6        12   func ,g         * 
  _pwm0_2_tim_stop
                                  00009cf8        12   func ,g         * 
  _pwm0_2_start
                                  00009d0a        18   func ,g         * 
  _pwm0_2_stop
                                  00009d22        18   func ,g         * 
  _set_pwm0_2_m
                                  00009d3a        4a   func ,g         * 
  _set_pwm0_2_mf
                                  00009d84        8c   func ,g         * 
  _pwm0_3_init
                                  00009e10       178   func ,g         * 
  _pwm0_3_tim_start
                                  00009f88        12   func ,g         * 
  _pwm0_3_tim_stop
                                  00009f9a        12   func ,g         * 
  _pwm0_3_start
                                  00009fac        18   func ,g         * 
  _pwm0_3_stop
                                  00009fc4        18   func ,g         * 
  _set_pwm0_3_m
                                  00009fdc        4a   func ,g         * 
  _set_pwm0_3_mf
                                  0000a026        8c   func ,g         * 
  _freq_capture0_init
                                  0000a0b2        ea   func ,g         * 
  _freq_capture0_start
                                  0000a19c         a   func ,g         * 
  _freq_capture0_stop
                                  0000a1a6         a   func ,g         * 
  _freq_capture0_cnt_read
                                  0000a1b0        24   func ,g         * 
  _freq_capture0_flag_read
                                  0000a1d4        12   func ,g         * 
  _freq_capture1_init
                                  0000a1e6        ec   func ,g         * 
  _freq_capture1_start
                                  0000a2d2         a   func ,g         * 
  _freq_capture1_stop
                                  0000a2dc         a   func ,g         * 
  _freq_capture1_cnt_read
                                  0000a2e6        24   func ,g         * 
  _freq_capture1_flag_read
                                  0000a30a        12   func ,g         * 
  _freq_capture2_init
                                  0000a31c        ec   func ,g         * 
  _freq_capture2_start
                                  0000a408         a   func ,g         * 
  _freq_capture2_stop
                                  0000a412         a   func ,g         * 
  _freq_capture2_cnt_read
                                  0000a41c        24   func ,g         * 
  _freq_capture2_flag_read
                                  0000a440        12   func ,g         * 
FILE=DefaultBuild\io_TSG30.obj
                                  0000a452  0000b21d       dcc
  _tsg30_init
                                  0000a452       400   func ,g         * 
  _tsg30_start
                                  0000a852         a   func ,g         * 
  _tsg30_stop
                                  0000a85c         a   func ,g         * 
  _dpinv0_start
                                  0000a866        18   func ,g         * 
  _dpinv0_stop
                                  0000a87e        18   func ,g         * 
  _dpinv0_set_addelay
                                  0000a896        20   func ,g         * 
  _dpinv0_setuvwf_f_V1
                                  0000a8b6       188   func ,g         * 
  _dpinv0_setuvwf_f_V2
                                  0000aa3e       194   func ,g         * 
  _dpinv0_setuvwf_f_V3
                                  0000abd2       270   func ,g         * 
  _dpinv0_extgb_init
                                  0000ae42        82   func ,g         * 
  _dpinv0_extgb_status
                                  0000aec4        10   func ,g         * 
  _dpinv0_extgb_clr
                                  0000aed4         a   func ,g         * 
  _tsg30_111int_stop
                                  0000aede        3a   func ,g         * 
  _dpinv0_setuvw_1pulse
                                  0000af18        16   func ,g         * 
  _dpinv0_gatectrl
                                  0000af2e        8a   func ,g         * 
  _tsg30_31_start
                                  0000afb8        22   func ,g         * 
  _tsg30_TSG30O0_out
                                  0000afda         c   func ,g         * 
  _dpinv01_setuvw_1pulse
                                  0000afe6        22   func ,g         * 
  _dpinv0_set_freq
                                  0000b008       216   func ,g         * 
FILE=DefaultBuild\io_TSG31.obj
                                  0000b21e  0000bfcf       db2
  _tsg31_init
                                  0000b21e       400   func ,g         * 
  _tsg31_start
                                  0000b61e         a   func ,g         * 
  _tsg31_stop
                                  0000b628         a   func ,g         * 
  _dpinv1_start
                                  0000b632        18   func ,g         * 
  _dpinv1_stop
                                  0000b64a        18   func ,g         * 
  _dpinv1_set_addelay
                                  0000b662        20   func ,g         * 
  _dpinv1_setuvwf_f_V1
                                  0000b682       188   func ,g         * 
  _dpinv1_setuvwf_f_V2
                                  0000b80a       194   func ,g         * 
  _dpinv1_setuvwf_f_V3
                                  0000b99e       270   func ,g         * 
  _dpinv1_extgb_init
                                  0000bc0e        82   func ,g         * 
  _dpinv1_extgb_status
                                  0000bc90        10   func ,g         * 
  _dpinv1_extgb_clr
                                  0000bca0         a   func ,g         * 
  _tsg31_111int_stop
                                  0000bcaa        3a   func ,g         * 
  _dpinv1_setuvw_1pulse
                                  0000bce4        16   func ,g         * 
  _dpinv1_gatectrl
                                  0000bcfa        5c   func ,g         * 
  _re_set_port_for_conv
                                  0000bd56        28   func ,g         * 
  _dpconv1_start
                                  0000bd7e        18   func ,g         * 
  _dpconv1_stop
                                  0000bd96        18   func ,g         * 
  _tsg31_TSG31O0_out
                                  0000bdae         c   func ,g         * 
  _dpinv1_set_freq
                                  0000bdba       216   func ,g         * 
FILE=DefaultBuild\io_RDC21.obj
                                  0000bfd0  0000c80f       840
  _rdc21_init
                                  0000bfd0       506   func ,g         * 
  _u2_rdc21str_read
                                  0000c4d6        44   func ,g         * 
  _u2_rdc21_cnt_read
                                  0000c51a         e   func ,g         * 
  _rdc21_init_interrupt
                                  0000c528       166   func ,g         * 
  _rdc21_cmp0_set
                                  0000c68e        18   func ,g         * 
  _rdc21_cmp1_set
                                  0000c6a6        18   func ,g         * 
  _rdc21_cmp2_set
                                  0000c6be        18   func ,g         * 
  _s4_rdc21_rpm
                                  0000c6d6       108   func ,g         * 
  _u2_read_rdc21_status
                                  0000c7de        1c   func ,g         * 
  _rdc21_ABZ_Terminal_output
                                  0000c7fa        16   func ,g         * 
FILE=DefaultBuild\VECLIB_CMDMONI.obj
                                  0000c810  0000c833        24
  _VECLIB_CMDMONI_INIT
                                  0000c810         4   func ,g         * 
  _VECLIB_CMDMONI_MAIN
                                  0000c814        10   func ,g         * 
  _VECLIB_CMDMONI_1MS
                                  0000c824         4   func ,g         * 
  _VECLIB_CMDMONI_PWM
                                  0000c828         4   func ,g         * 
  _VECLIB_CMDMONI_INTR
                                  0000c82c         4   func ,g         * 
  _VECLIB_CMDMONI_INTRE
                                  0000c830         4   func ,g         * 
FILE=DefaultBuild\mathlib.obj
                                  0000c834  0000ccb7       484
  _dpcos
                                  0000c834        aa   func ,g         * 
  _dpsin
                                  0000c8de        aa   func ,g         * 
  _dpatan
                                  0000c988        f4   func ,g         * 
  _dpsqrt
                                  0000ca7c        a4   func ,g         * 
  _Table_atan2Lookup
                                  0000cb20        1c   func ,g         * 
  _dpatan2_f
                                  0000cb3c       17c   func ,g         * 
FILE=DefaultBuild\io_CSIH0.obj
                                  0000ccb8  0000ce85       1ce
  _csih0_init
                                  0000ccb8        d0   func ,g         * 
  _u1_CSIH0_SO_1byte
                                  0000cd88        20   func ,g         * 
  _u1_CSIH0_SO_2byte
                                  0000cda8        20   func ,g         * 
  _u1_CSIH0_SI_1byte
                                  0000cdc8        26   func ,g         * 
  _u1_CSIH0_SI_2byte
                                  0000cdee        2a   func ,g         * 
  _csih0_tx_intlv_init
                                  0000ce18        6e   func ,g         * 
FILE=DefaultBuild\io_ADC.obj
                                  0000ce86  0000df37      10b2
  _adcc0_init
                                  0000ce86       774   func ,g         * 
  _adcc1_init
                                  0000d5fa       772   func ,g         * 
  _adcc0_sg4_trig_set
                                  0000dd6c        6c   func ,g         * 
  _adcc1_sg4_trig_set
                                  0000ddd8        6c   func ,g         * 
  _adcc0_sg4_int_init
                                  0000de44        7a   func ,g         * 
  _adcc1_sg4_int_init
                                  0000debe        7a   func ,g         * 
FILE=DefaultBuild\io_CSIH1.obj
                                  0000df38  0000e3d7       4a0
  _csih1_init
                                  0000df38        d0   func ,g         * 
  _csih1_RA270000_init
                                  0000e008        c0   func ,g         * 
  _u1_CSIH1_SO_1byte
                                  0000e0c8        20   func ,g         * 
  _u1_CSIH1_SO_2byte
                                  0000e0e8        20   func ,g         * 
  _u1_CSIH1_SI_1byte
                                  0000e108        26   func ,g         * 
  _u1_CSIH1_SI_2byte
                                  0000e12e        26   func ,g         * 
  _csih1_tx_intlv_init
                                  0000e154        6e   func ,g         * 
  _u1_TX1_RA270000
                                  0000e1c2        34   func ,g         * 
  _u1_RX1_RA270000
                                  0000e1f6        26   func ,g         * 
  _csih1_eeprom_init
                                  0000e21c        dc   func ,g         * 
  _u1_CSIH1_EPIF_TX_2byte
                                  0000e2f8        28   func ,g         * 
  _u1_CSIH1_EPIF_TX_1byte
                                  0000e320        28   func ,g         * 
  _u1_CSIH1_EPIF_RX_2byte
                                  0000e348        26   func ,g         * 
  _u1_CSIH1_EPIF_RX_1byte
                                  0000e36e        26   func ,g         * 
  _eprom_cs
                                  0000e394        44   func ,g         * 
FILE=DefaultBuild\fb_can0_ctrl.obj
                                  0000e3d8  0000fd4f      1978
  _fb_can0_ctrl
                                  0000e3d8      1402   func ,g         * 
  _fb_can0_rx_data
                                  0000f7da        c2   func ,g         * 
  _fb_can0_ctrl_init
                                  0000f89c       2bc   func ,g         * 
  _fb_can0_driver_init
                                  0000fb58       1f8   func ,g         * 
FILE=DefaultBuild\fb_hw_ctrl.obj
                                  0000fd50  0000ff0b       1bc
  _fb_hw_ctrl_init
                                  0000fd50       1bc   func ,g         * 
FILE=DefaultBuild\fb_therm_calc.obj
                                  0000ff0c  0000ffeb        e0
  _f4_thermister_calc_2_8
                                  0000ff0c        e0   func ,g         * 
FILE=DefaultBuild\fi_1ms_int.obj
                                  0000ffec  000101bd       1d2
  _fi_1ms_int
                                  0000ffec       19e   func ,g         * 
  _fb_1ms_int_init
                                  0001018a        34   func ,g         * 
FILE=DefaultBuild\fi_1ms_inv0_adctrl.obj
                                  000101be  000109ad       7f0
  _fi_1ms_inv0_adctrl
                                  000101be       51a   func ,g         * 
  _fb_1ms_inv0_adctrl_init
                                  000106d8       2d6   func ,g         * 
FILE=DefaultBuild\fi_1ms_inv0_errctrl.obj
                                  000109ae  000112df       932
  _fi_1ms_inv0_errctrl
                                  000109ae       720   func ,g         * 
  _fb_1ms_inv0_errctrl_init
                                  000110ce       212   func ,g         * 
FILE=DefaultBuild\fi_1ms_inv0_idqcom.obj
                                  000112e0  00011c97       9b8
  _fi_1ms_inv0_idqcom
                                  000112e0       826   func ,g         * 
  _fb_1ms_inv0_idqcom_init
                                  00011b06       192   func ,g         * 
FILE=DefaultBuild\fi_1ms_inv0_seqctrl.obj
                                  00011c98  00011fb9       322
  _fi_1ms_inv0_seqctrl
                                  00011c98       1dc   func ,g         * 
  _u1_fi_1ms_inv0_seq_runctrl
                                  00011e74        7e   func ,g         * 
  _u1_fi_1ms_inv0_seq_stopctrl
                                  00011ef2        42   func ,g         * 
  _u1_fi_1ms_inv0_seq_errctrl
                                  00011f34        42   func ,g         * 
  _fb_1ms_inv0_seq_flaginit
                                  00011f76        2a   func ,g         * 
  _fb_1ms_inv0_seq_modeinit
                                  00011fa0        1a   func ,g         * 
FILE=DefaultBuild\fi_1ms_inv0_wrctrl.obj
                                  00011fba  0001254d       594
  _fi_1ms_inv0_wrctrl
                                  00011fba       492   func ,g         * 
  _fb_1ms_inv0_wrctrl_init
                                  0001244c       102   func ,g         * 
FILE=DefaultBuild\fi_AWatcher.obj
                                  0001254e  0001273d       1f0
  _fi_awc_rx
                                  0001254e        e0   func ,g         * 
  _fi_awc_re
                                  0001262e       110   func ,g         * 
FILE=DefaultBuild\fi_pwm_int.obj
                                  0001273e  00012967       22a
  _fi_pwm_int
                                  0001273e       1c0   func ,g         * 
  _fb_pwm_int_init
                                  000128fe        6a   func ,g         * 
FILE=DefaultBuild\fi_pwm_inv0_1pulse.obj
                                  00012968  00012ac3       15c
  _fi_pwm_inv0_1pulse
                                  00012968       142   func ,g         * 
  _fb_pwm_inv0_1pulse_init
                                  00012aaa        1a   func ,g         * 
FILE=DefaultBuild\fi_pwm_inv0_adctrl.obj
                                  00012ac4  00013551       a8e
  _fi_pwm_inv0_adctrl
                                  00012ac4       6b4   func ,g         * 
  _fb_pwm_inv0_adctrl_init
                                  00013178       3da   func ,g         * 
FILE=DefaultBuild\fi_pwm_inv0_encctrl.obj
                                  00013552  000139a1       450
  _fi_pwm_inv0_encctrl
                                  00013552       376   func ,g         * 
  _fb_pwm_inv0_encctrl_init
                                  000138c8        da   func ,g         * 
FILE=DefaultBuild\fi_pwm_inv0_errctrl.obj
                                  000139a2  00013b83       1e2
  _fi_pwm_inv0_errctrl
                                  000139a2       17e   func ,g         * 
  _fb_pwm_inv0_errctrl_init
                                  00013b20        64   func ,g         * 
FILE=DefaultBuild\fi_pwm_inv0_idqctrl.obj
                                  00013b84  000156a1      1b1e
  _fi_pwm_inv0_idqctrl
                                  00013b84      1688   func ,g         * 
  _fb_pwm_inv0_idqctrl_init
                                  0001520c       496   func ,g         * 
FILE=DefaultBuild\fi_pwm_inv0_invadj.obj
                                  000156a2  0001622d       b8c
  _fi_pwm_inv0_invadj
                                  000156a2       9d8   func ,g         * 
  _fb_pwm_inv0_invadj_init
                                  0001607a       1b4   func ,g         * 
FILE=DefaultBuild\fi_pwm_inv0_svctrl.obj
                                  0001622e  0001643f       212
  _fi_pwm_inv0_svctrl
                                  0001622e       1d2   func ,g         * 
  _fb_pwm_inv0_svctrl_init
                                  00016400        40   func ,g         * 
FILE=DefaultBuild\fi_pwm_inv0_vctrlerr.obj
                                  00016440  0001663b       1fc
  _fi_pwm_inv0_vctrlerr
                                  00016440       19c   func ,g         * 
  _fb_pwm_inv0_vctrlerr_init
                                  000165dc        60   func ,g         * 
FILE=DefaultBuild\fi_pwm_vctrlerrtbl.obj
                                  0001663c  000166d5        9a
  _fi_pwm_vctrlerrtbl
                                  0001663c        90   func ,g         * 
  _fb_pwm_vctrlerr_init
                                  000166cc         a   func ,g         * 
FILE=DefaultBuild\mapdata_trq_inv0.obj
                                  000166d6  00016fdd       908
  _u1_tq_map_get
                                  000166d6       908   func ,g         * 
FILE=DefaultBuild\mapdata_trq_inv0_limit.obj
                                  00016fde  000174a9       4cc
  _u1_tq_map_limit
                                  00016fde       4cc   func ,g         * 
FILE=DefaultBuild\fb_can1_ctrl_init.obj
                                  000174aa  00017631       188
  _fb_can1_driver_init
                                  000174aa       188   func ,g         * 
FILE=DefaultBuild\fi_1ms_inv0_ifctrl.obj
                                  00017632  000178b9       288
  _fi_1ms_inv0_ifctrl
                                  00017632       286   func ,g         * 
  _fb_1ms_inv0_ifctrl_init
                                  000178b8         2   func ,g         * 
FILE=DefaultBuild\fi_pwm_inv0_syncctrl.obj
                                  000178ba  00017d95       4dc
  _fi_pwm_inv0_syncctrl
                                  000178ba       3de   func ,g         * 
  _fb_pwm_inv0_syncctrl_init
                                  00017c98        fe   func ,g         * 
FILE=DefaultBuild\fb_therm_tbl_module.obj
                                  00017d96  00017dd5        40
  _s2_therm_module_calc_lsb2
                                  00017d96        40   func ,g         * 
FILE=DefaultBuild\io_PIO_amdt0530.obj
                                  00017dd6  0001846b       696
  _pio_init
                                  00017dd6       168   func ,g         * 
  _ex_intpx_init
                                  00017f3e       484   func ,g         * 
  _intpx_status_read
                                  000183c2        aa   func ,g         * 
FILE=DefaultBuild\fim_main.obj
                                  0001846c  0001875b       2f0
  _main
                                  0001846c       1d8   func ,g         * 
  _fb_main_start_init
                                  00018644        b0   func ,g         * 
  _fb_main_error_init
                                  000186f4        68   func ,g         * 
FILE=DefaultBuild\mapdata_lm_inv0_1d.obj
                                  0001875c  00018843        e8
  _u1_lm_map_1d_get
                                  0001875c        e8   func ,g         * 
FILE=cmdmoni_wt
                                  00018844  00019eeb      16a8
  _MD_WT_INTRE
                                  00018844        28   func ,g         * 
  _MD_WT_INTR
                                  0001886c       89e   func ,g         * 
  _CMDMONI_WT_INIT
                                  0001910a        be   func ,g         * 
  _CMDMONI_WT_TRACEHALT.1
                                  000191c8        24   func ,l         * 
  _CMDMONI_WT_TRACEWATCH
                                  000191ec       580   func ,g         * 
  _CMDMONI_WT_CHECKCMD
                                  0001976c       57e   func ,g         * 
  _CMDMONI_WT_SENDCMD
                                  00019cea        c8   func ,g         * 
  _CMDMONI_WT_1MS
                                  00019db2        26   func ,g         * 
  _zop_CalcCheckSum.1
                                  00019dd8        56   func ,l         * 
  _zop_PressSend.1
                                  00019e2e        be   func ,l         * 
FILE=initsct_rh
                                  00019eec  00019f9b        b0
  __INITSCT_RH
                                  00019eec         0   none ,g         * 
FILE=atan2f
                                  00019f9c  0001a079        de
  _atan2f
                                  00019f9c         0   none ,g         * 
FILE=atanf
                                  0001a07a  0001a265       1ec
  _near_zero.1
                                  0001a07a         0   none ,l         * 
  _atanf_special_case.1
                                  0001a0a2         0   none ,l         * 
  _atanf
                                  0001a0c8         0   none ,g         * 
FILE=cosf
                                  0001a266  0001a4db       276
  _sincosf_special.1
                                  0001a266         0   none ,l         * 
  _cosf
                                  0001a384         0   none ,g         * 
FILE=logf
                                  0001a4dc  0001a715       23a
  _logf
                                  0001a4dc         0   none ,g         * 
  _poly_logf.1
                                  0001a680         0   none ,l         * 
FILE=modff
                                  0001a716  0001a74f        3a
  _modff
                                  0001a716         0   none ,g         * 
FILE=sinf
                                  0001a750  0001aaf7       3a8
  _sincosf_special.1
                                  0001a750         0   none ,l         * 
  _sinf
                                  0001a87c         0   none ,g         * 
FILE=sqrtf
                                  0001aaf8  0001ab2f        38
  _sqrtf
                                  0001aaf8         0   none ,g         * 
FILE=com7d
                                  0001ab30  0001ab37         8
  __REL_errno
                                  0001ab30         0   none ,g         * 
FILE=_i_atn2s
                                  0001ab38  0001ab7b        44
  __in_atan2s
                                  0001ab38         0   none ,g         * 
FILE=_i_modfs
                                  0001ab7c  0001ac05        8a
  __in_modfs
                                  0001ab7c         0   none ,g         * 
FILE=_wrap_matherrf
                                  0001ac06  0001ac23        1e
  .wrap_matherrf
                                  0001ac06         0   none ,g         * 
FILE=domerrf
                                  0001ac24  0001ac45        22
  __REL_domerrf
                                  0001ac24         0   none ,g         * 
FILE=fmodf
                                  0001ac46  0001acb3        6e
  _fmodf
                                  0001ac46         0   none ,g         * 
FILE=frexpf
                                  0001acb4  0001ad41        8e
  _frexpf
                                  0001acb4         0   none ,g         * 
FILE=logfspecial
                                  0001ad42  0001ad71        30
  __REL_logf_special
                                  0001ad42         0   none ,g         * 
FILE=nanf
                                  0001ad72  0001ad77         6
  __REL_nanf_value
                                  0001ad72         0   none ,g         * 
FILE=neginff
                                  0001ad78  0001ad7d         6
  __REL_neginff_value
                                  0001ad78         0   none ,g         * 
FILE=rngerrf
                                  0001ad7e  0001ada5        28
  __REL_rngerrf
                                  0001ad7e         0   none ,g         * 
FILE=_i_atans
                                  0001ada6  0001af7f       1da
  __in_atans
                                  0001ada6         0   none ,g         * 
FILE=_i_fmds
                                  0001af80  0001b0c9       14a
  __in_fmods
                                  0001af80         0   none ,g         * 
FILE=posinff
                                  0001b0ca  0001b0cf         6
  __REL_posinff_value
                                  0001b0ca         0   none ,g         * 
FILE=_a_atans
                                  0001b0d0  0001b135        66
  __app_atans
                                  0001b0d0         0   none ,g         * 
FILE=_i_ldes
                                  0001b136  0001b1cf        9a
  __in_ldexps
                                  0001b136         0   none ,g         * 

SECTION=.data
FILE=DefaultBuild\io_TSG30.obj
                                  0001b1d0  0001b1d3         4
FILE=DefaultBuild\io_TSG31.obj
                                  0001b1d4  0001b1d7         4
FILE=DefaultBuild\fi_1ms_inv0_ifctrl.obj
                                  0001b1d8  0001b1f6        1f

SECTION=comGRAMA.data
FILE=DefaultBuild\commonPE1toPE2.obj
                                  0001b1f8  0001b1fc         5

SECTION=comGRAMB.data
FILE=DefaultBuild\commonPE2toPE1.obj
                                  0001b200  0001b204         5

SECTION=.data.R
FILE=DefaultBuild\io_TSG30.obj
                                  febf0000  febf0003         4
  ___u4_cnt_tsg30_1puls_offset
                                  febf0000         4   data ,g         * 
FILE=DefaultBuild\io_TSG31.obj
                                  febf0004  febf0007         4
  ___u4_cnt_tsg31_1puls_offset
                                  febf0004         4   data ,g         * 
FILE=DefaultBuild\fi_1ms_inv0_ifctrl.obj
                                  febf0008  febf0026        1f
  _u1_set_rly1
                                  febf0008         1   data ,g         * 
  _u1_set_rly2
                                  febf0009         1   data ,g         * 
  _u1_set_rly3
                                  febf000a         1   data ,g         * 
  _u1_set_rly4
                                  febf000b         1   data ,g         * 
  _u1_set_rly5
                                  febf000c         1   data ,g         * 
  _u1_set_rly6
                                  febf000d         1   data ,g         * 
  _u1_set_rly7
                                  febf000e         1   data ,g         * 
  _u1_set_rly8
                                  febf000f         1   data ,g         * 
  _u1_set_do0
                                  febf0010         1   data ,g         * 
  _u1_set_do1
                                  febf0011         1   data ,g         * 
  _u1_set_do2
                                  febf0012         1   data ,g         * 
  _u1_set_do3
                                  febf0013         1   data ,g         * 
  _u1_set_do4
                                  febf0014         1   data ,g         * 
  _u1_set_do5
                                  febf0015         1   data ,g         * 
  _u1_set_do6
                                  febf0016         1   data ,g         * 
  _u1_set_udo0
                                  febf0017         1   data ,g         * 
  _u1_set_udo1
                                  febf0018         1   data ,g         * 
  _u1_set_udo2
                                  febf0019         1   data ,g         * 
  _u1_set_udo3
                                  febf001a         1   data ,g         * 
  _u1_get_udi0
                                  febf001b         1   data ,g         * 
  _u1_get_udi1
                                  febf001c         1   data ,g         * 
  _u1_get_udi2
                                  febf001d         1   data ,g         * 
  _u1_get_udi3
                                  febf001e         1   data ,g         * 
  _u1_get_di0
                                  febf001f         1   data ,g         * 
  _u1_get_di1
                                  febf0020         1   data ,g         * 
  _u1_get_di2
                                  febf0021         1   data ,g         * 
  _u1_get_di3
                                  febf0022         1   data ,g         * 
  _u1_get_di4
                                  febf0023         1   data ,g         * 
  _u1_get_di5
                                  febf0024         1   data ,g         * 
  _u1_get_di6
                                  febf0025         1   data ,g         * 
  _u1_get_di7
                                  febf0026         1   data ,g         * 

SECTION=.bss
FILE=DefaultBuild\io_ENCA0.obj
                                  febf0028  febf0029         2
  ___u2_enca0_cnt_max
                                  febf0028         2   data ,g         * 
FILE=DefaultBuild\io_ENCA1.obj
                                  febf002c  febf002d         2
  ___u2_enca1_cnt_max
                                  febf002c         2   data ,g         * 
FILE=DefaultBuild\io_FCAN.obj
                                  febf0030  febf1097      1068
  _can0
                                  febf0030        10   data ,g         * 
  _can1
                                  febf0040        10   data ,g         * 
  _can2
                                  febf0050        10   data ,g         * 
  _can3
                                  febf0060        10   data ,g         * 
  _rx_mbox_no
                                  febf0070         4   data ,g         * 
  _rx_mbox_id
                                  febf0074       200   data ,g         * 
  _rx_mbox_dlc
                                  febf0274       200   data ,g         * 
  _rx_mbox_length
                                  febf0474       200   data ,g         * 
  _rx_mbox_extened
                                  febf0674       200   data ,g         * 
  _rx_mbox_cnt
                                  febf0874        10   data ,g         * 
  _tx_mbox_no
                                  febf0884         4   data ,g         * 
  _tx_mbox_id
                                  febf0888       200   data ,g         * 
  _tx_mbox_dlc
                                  febf0a88       200   data ,g         * 
  _tx_mbox_length
                                  febf0c88       200   data ,g         * 
  _tx_mbox_extened
                                  febf0e88       200   data ,g         * 
  _tx_mbox_cnt
                                  febf1088        10   data ,g         * 
FILE=DefaultBuild\io_RDC20.obj
                                  febf1098  febf1098         1
  ___u1_rdc20str_sel
                                  febf1098         1   data ,g         * 
FILE=DefaultBuild\io_TAUD0.obj
                                  febf109c  febf109f         4
  ___u2_stopwatch_cnt_start
                                  febf109c         2   data ,g         * 
  ___u2_stopwatch_cnt_stop
                                  febf109e         2   data ,g         * 
FILE=DefaultBuild\io_TAUD1.obj
                                  febf10a0  febf10a3         4
  ___u2_stopwatch1_cnt_start
                                  febf10a0         2   data ,g         * 
  ___u2_stopwatch1_cnt_stop
                                  febf10a2         2   data ,g         * 
FILE=DefaultBuild\io_TSG30.obj
                                  febf10a4  febf10b7        14
  ___u1_tsg30_logic
                                  febf10a4         1   data ,g         * 
  __S2_DPINV0_ADDLAY
                                  febf10a6         2   data ,g         * 
  ___u1_read_tsg30_opt0
                                  febf10a8         1   data ,g         * 
  _f_mu_old
                                  febf10ac         4   data ,g         * 
  _f_mv_old
                                  febf10b0         4   data ,g         * 
  _f_mw_old
                                  febf10b4         4   data ,g         * 
FILE=DefaultBuild\io_TSG31.obj
                                  febf10b8  febf10cb        14
  ___u1_tsg31_logic
                                  febf10b8         1   data ,g         * 
  __S2_DPINV1_ADDLAY
                                  febf10ba         2   data ,g         * 
  ___u1_read_tsg31_opt0
                                  febf10bc         1   data ,g         * 
  _f_mu_old2
                                  febf10c0         4   data ,g         * 
  _f_mv_old2
                                  febf10c4         4   data ,g         * 
  _f_mw_old2
                                  febf10c8         4   data ,g         * 
FILE=DefaultBuild\io_RDC21.obj
                                  febf10cc  febf10cc         1
  ___u1_rdc21str_sel
                                  febf10cc         1   data ,g         * 
FILE=DefaultBuild\mathlib.obj
                                  febf10d0  febf10df        10
  _testrt0
                                  febf10d0         4   data ,g         * 
  _testrt1
                                  febf10d4         4   data ,g         * 
  _testrt2
                                  febf10d8         4   data ,g         * 
  _testrt3
                                  febf10dc         4   data ,g         * 
FILE=DefaultBuild\fb_can0_ctrl.obj
                                  febf10e0  febf12c3       1e4
  _u4_flag_rx0_flag
                                  febf10e0         4   data ,g         * 
  _RX_DATA_0x010
                                  febf10e4         8   data ,g         * 
  _RX_DATA_0x011
                                  febf10ec         8   data ,g         * 
  _TX_DATA_0x030
                                  febf10f4         8   data ,g         * 
  _CAN_MBOX_TX_ID0x030
                                  febf10fc        10   data ,g         * 
  _TX_DATA_0x031
                                  febf110c         8   data ,g         * 
  _CAN_MBOX_TX_ID0x031
                                  febf1114        10   data ,g         * 
  _TX_DATA_0x032
                                  febf1124         8   data ,g         * 
  _CAN_MBOX_TX_ID0x032
                                  febf112c        10   data ,g         * 
  _TX_DATA_0x033
                                  febf113c         8   data ,g         * 
  _CAN_MBOX_TX_ID0x033
                                  febf1144        10   data ,g         * 
  _TX_DATA_0x034
                                  febf1154         8   data ,g         * 
  _CAN_MBOX_TX_ID0x034
                                  febf115c        10   data ,g         * 
  _TX_DATA_0x035
                                  febf116c         8   data ,g         * 
  _CAN_MBOX_TX_ID0x035
                                  febf1174        10   data ,g         * 
  _TX_DATA_0x036
                                  febf1184         8   data ,g         * 
  _CAN_MBOX_TX_ID0x036
                                  febf118c        10   data ,g         * 
  _TX_DATA_0x037
                                  febf119c         8   data ,g         * 
  _CAN_MBOX_TX_ID0x037
                                  febf11a4        10   data ,g         * 
  _TX_DATA_0x038
                                  febf11b4         8   data ,g         * 
  _CAN_MBOX_TX_ID0x038
                                  febf11bc        10   data ,g         * 
  _u1_flag_can0_initerr
                                  febf11cc         1   data ,g         * 
  _u1_flag_can0_debug
                                  febf11cd         1   data ,g         * 
  _u1_com_state_ref_rx
                                  febf11ce         1   data ,g         * 
  _u1_com_state_ref_rx_tmp
                                  febf11cf         1   data ,g         * 
  _u2_com_tq_ref_rate_rx
                                  febf11d0         2   data ,g         * 
  _u2_com_irms_ref_rate_rx
                                  febf11d2         2   data ,g         * 
  _u2_com_speed_ref_rate_rx
                                  febf11d4         2   data ,g         * 
  _s2_com_tq_ref_rx
                                  febf11d6         2   data ,g         * 
  _s2_com_irms_ref_rx
                                  febf11d8         2   data ,g         * 
  _s2_com_f_slip_ref_rx
                                  febf11da         2   data ,g         * 
  _s2_com_speed_ref_rx
                                  febf11dc         2   data ,g         * 
  _f4_com_tq_ref_rate_rx
                                  febf11e0         4   data ,g         * 
  _f4_com_irms_ref_rate_rx
                                  febf11e4         4   data ,g         * 
  _f4_com_speed_ref_rate_rx
                                  febf11e8         4   data ,g         * 
  _f4_com_tq_ref_rx
                                  febf11ec         4   data ,g         * 
  _f4_com_irms_ref_rx
                                  febf11f0         4   data ,g         * 
  _f4_com_f_slip_ref_rx
                                  febf11f4         4   data ,g         * 
  _f4_com_speed_ref_rx
                                  febf11f8         4   data ,g         * 
  _u1_flag_inv0_state_start
                                  febf11fc         1   data ,g         * 
  _u1_com_actual_state_tx
                                  febf11fd         1   data ,g         * 
  _u1_com_drive_state_tx
                                  febf11fe         1   data ,g         * 
  _s2_com_tq_ref_tx
                                  febf1200         2   data ,g         * 
  _s2_com_irms_ad_tx
                                  febf1202         2   data ,g         * 
  _s2_com_speed_lpf_tx
                                  febf1204         2   data ,g         * 
  _s2_com_id_ref_tx
                                  febf1206         2   data ,g         * 
  _s2_com_iq_ref_tx
                                  febf1208         2   data ,g         * 
  _u2_com_irms_ref_tx
                                  febf120a         2   data ,g         * 
  _s2_com_f_slip_ref_tx
                                  febf120c         2   data ,g         * 
  _s2_com_id_ad_tx
                                  febf120e         2   data ,g         * 
  _s2_com_iq_ad_tx
                                  febf1210         2   data ,g         * 
  _s2_com_idc_est_tx
                                  febf1212         2   data ,g         * 
  _s2_com_speed_ref_tx
                                  febf1214         2   data ,g         * 
  _s2_com_vd_ref_tx
                                  febf1216         2   data ,g         * 
  _s2_com_vq_ref_tx
                                  febf1218         2   data ,g         * 
  _u2_com_vdc_ad_tx
                                  febf121a         2   data ,g         * 
  _u2_com_vrms_ref_tx
                                  febf121c         2   data ,g         * 
  _s2_com_tq_limit_p_tx
                                  febf121e         2   data ,g         * 
  _s2_com_tq_limit_n_tx
                                  febf1220         2   data ,g         * 
  _u1_com_tmp_mot1_tx
                                  febf1222         1   data ,g         * 
  _u1_com_tmp_mot2_tx
                                  febf1223         1   data ,g         * 
  _u1_com_tmp_int_tx
                                  febf1224         1   data ,g         * 
  _u1_com_tmp_igbt1_tx
                                  febf1225         1   data ,g         * 
  _u1_com_tmp_igbt2_tx
                                  febf1226         1   data ,g         * 
  _u1_com_tmp_igbt3_tx
                                  febf1227         1   data ,g         * 
  _u1_com_tmp_igbt4_tx
                                  febf1228         1   data ,g         * 
  _u1_com_tmp_igbt5_tx
                                  febf1229         1   data ,g         * 
  _u1_com_tmp_igbt6_tx
                                  febf122a         1   data ,g         * 
  _u4_com_flag_error1_tx
                                  febf122c         4   data ,g         * 
  _u4_com_flag_error2_tx
                                  febf1230         4   data ,g         * 
  _u4_com_flag_error_hw_tx
                                  febf1234         4   data ,g         * 
  _u4_com_flag_error_hw_lev_tx
                                  febf1238         4   data ,g         * 
  _f4_com_tq_ref_tx
                                  febf123c         4   data ,g         * 
  _f4_com_irms_ad_tx
                                  febf1240         4   data ,g         * 
  _f4_com_speed_lpf_tx
                                  febf1244         4   data ,g         * 
  _f4_com_id_ref_tx
                                  febf1248         4   data ,g         * 
  _f4_com_iq_ref_tx
                                  febf124c         4   data ,g         * 
  _f4_com_irms_ref_tx
                                  febf1250         4   data ,g         * 
  _f4_com_f_slip_ref_tx
                                  febf1254         4   data ,g         * 
  _f4_com_id_ad_tx
                                  febf1258         4   data ,g         * 
  _f4_com_iq_ad_tx
                                  febf125c         4   data ,g         * 
  _f4_com_idc_est_tx
                                  febf1260         4   data ,g         * 
  _f4_com_speed_ref_tx
                                  febf1264         4   data ,g         * 
  _f4_com_vd_ref_tx
                                  febf1268         4   data ,g         * 
  _f4_com_vq_ref_tx
                                  febf126c         4   data ,g         * 
  _f4_com_vdc_ad_tx
                                  febf1270         4   data ,g         * 
  _f4_com_vrms_ref_tx
                                  febf1274         4   data ,g         * 
  _f4_com_tq_limit_p_tx
                                  febf1278         4   data ,g         * 
  _f4_com_tq_limit_n_tx
                                  febf127c         4   data ,g         * 
  _f4_com_tmp_mot1_tx
                                  febf1280         4   data ,g         * 
  _f4_com_tmp_mot2_tx
                                  febf1284         4   data ,g         * 
  _f4_com_tmp_int_tx
                                  febf1288         4   data ,g         * 
  _f4_com_tmp_igbt1_tx
                                  febf128c         4   data ,g         * 
  _f4_com_tmp_igbt2_tx
                                  febf1290         4   data ,g         * 
  _f4_com_tmp_igbt3_tx
                                  febf1294         4   data ,g         * 
  _f4_com_tmp_igbt4_tx
                                  febf1298         4   data ,g         * 
  _f4_com_tmp_igbt5_tx
                                  febf129c         4   data ,g         * 
  _f4_com_tmp_igbt6_tx
                                  febf12a0         4   data ,g         * 
  _u2_cnt_10ms_tx0
                                  febf12a4         2   data ,g         * 
  _u4_status_can0
                                  febf12a8         4   data ,g         * 
  _u4_status_can0_tmp
                                  febf12ac         4   data ,g         * 
  _u1_flag_can0_com_id0x010_startchk
                                  febf12b0         1   data ,g         * 
  _u2_cnt_can0_1ms_id0x010_comchk
                                  febf12b2         2   data ,g         * 
  _u2_cnt_can0_1ms_id0x010_comchk_max
                                  febf12b4         2   data ,g         * 
  _u1_flag_can0_com_id0x011_startchk
                                  febf12b6         1   data ,g         * 
  _u2_cnt_can0_1ms_id0x011_comchk
                                  febf12b8         2   data ,g         * 
  _u2_cnt_can0_1ms_id0x011_comchk_max
                                  febf12ba         2   data ,g         * 
  _u4_chk
                                  febf12bc         4   data ,g         * 
  _u4_chk_id
                                  febf12c0         4   data ,g         * 
FILE=DefaultBuild\fi_1ms_int.obj
                                  febf12c4  febf12cb         8
  _u2_cnt_err_enable
                                  febf12c4         2   data ,g         * 
  _u1_flag_err_enable
                                  febf12c6         1   data ,g         * 
  _u4_cnt_1ms
                                  febf12c8         4   data ,g         * 
FILE=DefaultBuild\fi_1ms_inv0_adctrl.obj
                                  febf12cc  febf149b       1d0
  _th_IGBT
                                  febf12cc        24   data ,g         * 
  _th_103JT
                                  febf12f0        24   data ,g         * 
  _th_MOTOR1_INV0
                                  febf1314        24   data ,g         * 
  _th_MOTOR2_INV0
                                  febf1338        24   data ,g         * 
  _th_493HT
                                  febf135c        24   data ,g         * 
  _th_AL03006_1753K_98_G1
                                  febf1380        24   data ,g         * 
  _th_PSB_S3
                                  febf13a4        24   data ,g         * 
  _th_NCP18XH103
                                  febf13c8        24   data ,g         * 
  _th_NCU18WB473F6SRB_10k
                                  febf13ec        24   data ,g         * 
  _th_FMF800DX_24B
                                  febf1410        24   data ,g         * 
  _th_NTCALUG01T103G
                                  febf1434        24   data ,g         * 
  _f4_tmp_inv0_igbt_up
                                  febf1458         4   data ,g         * 
  _f4_tmp_inv0_igbt_vp
                                  febf145c         4   data ,g         * 
  _f4_tmp_inv0_igbt_wp
                                  febf1460         4   data ,g         * 
  _f4_tmp_inv0_igbt_un
                                  febf1464         4   data ,g         * 
  _f4_tmp_inv0_igbt_vn
                                  febf1468         4   data ,g         * 
  _f4_tmp_inv0_igbt_wn
                                  febf146c         4   data ,g         * 
  _f4_tmp_inv0_igbtp_max
                                  febf1470         4   data ,g         * 
  _f4_tmp_inv0_igbtn_max
                                  febf1474         4   data ,g         * 
  _f4_tmp_inv0_igbt_max
                                  febf1478         4   data ,g         * 
  _f4_tmp_inv0_mot1
                                  febf147c         4   data ,g         * 
  _f4_tmp_inv0_mot2
                                  febf1480         4   data ,g         * 
  _f4_tmp_inv0_mot_max
                                  febf1484         4   data ,g         * 
  _f4_tmp_inv0_int
                                  febf1488         4   data ,g         * 
  _f4_tmp_inv0_busbar_p
                                  febf148c         4   data ,g         * 
  _f4_tmp_inv0_busbar_w
                                  febf1490         4   data ,g         * 
  _f4_tmp_inv0_film_cap
                                  febf1494         4   data ,g         * 
  _f4_wclpf_inv0_tmp
                                  febf1498         4   data ,g         * 
FILE=DefaultBuild\fi_1ms_inv0_errctrl.obj
                                  febf149c  febf1535        9a
  _f4_lev_uv_inv0_vdc
                                  febf149c         4   data ,g         * 
  _f4_lev_oh_inv0_igbt
                                  febf14a0         4   data ,g         * 
  _f4_lev_oh_inv0_mot1
                                  febf14a4         4   data ,g         * 
  _f4_lev_oh_inv0_mot2
                                  febf14a8         4   data ,g         * 
  _f4_lev_os_inv0_speed
                                  febf14ac         4   data ,g         * 
  _f4_lev_oh_inv0_int
                                  febf14b0         4   data ,g         * 
  _f4_lev_ov_inv0_ctrlbd
                                  febf14b4         4   data ,g         * 
  _f4_lev_uv_inv0_ctrlbd
                                  febf14b8         4   data ,g         * 
  _s4_lev_snsr_inv0_iinv
                                  febf14bc         4   data ,g         * 
  _s4_lev_snsr_inv0_tmp_igbt
                                  febf14c0         4   data ,g         * 
  _s4_lev_snsr_inv0_tmp_int
                                  febf14c4         4   data ,g         * 
  _s4_lev_snsr_inv0_tmp_mot1
                                  febf14c8         4   data ,g         * 
  _s4_lev_snsr_inv0_tmp_mot2
                                  febf14cc         4   data ,g         * 
  _u2_cnt_uv_inv0_vdc_1ms_max
                                  febf14d0         2   data ,g         * 
  _u2_cnt_oh_inv0_igbt_1ms_max
                                  febf14d2         2   data ,g         * 
  _u2_cnt_oh_inv0_mot1_1ms_max
                                  febf14d4         2   data ,g         * 
  _u2_cnt_oh_inv0_mot2_1ms_max
                                  febf14d6         2   data ,g         * 
  _u2_cnt_os_inv0_speed_1ms_max
                                  febf14d8         2   data ,g         * 
  _u2_cnt_oh_inv0_int_1ms_max
                                  febf14da         2   data ,g         * 
  _u2_cnt_ov_inv0_ctrlbd_1ms_max
                                  febf14dc         2   data ,g         * 
  _u2_cnt_uv_inv0_ctrlbd_1ms_max
                                  febf14de         2   data ,g         * 
  _u2_cnt_snsr_inv0_tmp_int_1ms_max
                                  febf14e0         2   data ,g         * 
  _u2_cnt_snsr_inv0_tmp_igbt_1ms_max
                                  febf14e2         2   data ,g         * 
  _u2_cnt_snsr_inv0_tmp_mot1_1ms_max
                                  febf14e4         2   data ,g         * 
  _u2_cnt_snsr_inv0_tmp_mot2_1ms_max
                                  febf14e6         2   data ,g         * 
  _u2_cnt_uv_inv0_vdc_1ms
                                  febf14e8         2   data ,g         * 
  _u2_cnt_oh_inv0_igbt_up_1ms
                                  febf14ea         2   data ,g         * 
  _u2_cnt_oh_inv0_igbt_vp_1ms
                                  febf14ec         2   data ,g         * 
  _u2_cnt_oh_inv0_igbt_wp_1ms
                                  febf14ee         2   data ,g         * 
  _u2_cnt_oh_inv0_igbt_un_1ms
                                  febf14f0         2   data ,g         * 
  _u2_cnt_oh_inv0_igbt_vn_1ms
                                  febf14f2         2   data ,g         * 
  _u2_cnt_oh_inv0_igbt_wn_1ms
                                  febf14f4         2   data ,g         * 
  _u2_cnt_oh_inv0_mot1_1ms
                                  febf14f6         2   data ,g         * 
  _u2_cnt_oh_inv0_mot2_1ms
                                  febf14f8         2   data ,g         * 
  _u2_cnt_os_inv0_speed_1ms
                                  febf14fa         2   data ,g         * 
  _u2_cnt_oh_inv0_int_1ms
                                  febf14fc         2   data ,g         * 
  _u2_cnt_ov_inv0_ctrlbd_1ms
                                  febf14fe         2   data ,g         * 
  _u2_cnt_uv_inv0_ctrlbd_1ms
                                  febf1500         2   data ,g         * 
  _u2_cnt_snsr_inv0_tmp_int_1ms
                                  febf1502         2   data ,g         * 
  _u2_cnt_snsr_inv0_tmp_igbt_up_1ms
                                  febf1504         2   data ,g         * 
  _u2_cnt_snsr_inv0_tmp_igbt_vp_1ms
                                  febf1506         2   data ,g         * 
  _u2_cnt_snsr_inv0_tmp_igbt_wp_1ms
                                  febf1508         2   data ,g         * 
  _u2_cnt_snsr_inv0_tmp_igbt_un_1ms
                                  febf150a         2   data ,g         * 
  _u2_cnt_snsr_inv0_tmp_igbt_vn_1ms
                                  febf150c         2   data ,g         * 
  _u2_cnt_snsr_inv0_tmp_igbt_wn_1ms
                                  febf150e         2   data ,g         * 
  _u2_cnt_snsr_inv0_tmp_mot1_1ms
                                  febf1510         2   data ,g         * 
  _u2_cnt_snsr_inv0_tmp_mot2_1ms
                                  febf1512         2   data ,g         * 
  _u4_flag_inv0_error_hw
                                  febf1514         4   data ,g         * 
  _u1_flag_can0_err_enable
                                  febf1518         1   data ,g         * 
  _u4_flag_inv0_error_hw_lev
                                  febf151c         4   data ,g         * 
  _u2_cnt_di_inv0_safty
                                  febf1520         2   data ,g         * 
  _u2_cnt_di_inv0_safty_max
                                  febf1522         2   data ,g         * 
  _u2_cnt_di_inv0_gb
                                  febf1524         2   data ,g         * 
[...]
  _C100
                                  febf1c04         4   data ,g         * 
  _C101
                                  febf1c08         4   data ,g         * 
  _C110
                                  febf1c0c         4   data ,g         * 
  _C111
                                  febf1c10         4   data ,g         * 
  _c000
                                  febf1c14         2   data ,g         * 
  _c001
                                  febf1c16         2   data ,g         * 
  _c010
                                  febf1c18         2   data ,g         * 
  _c011
                                  febf1c1a         2   data ,g         * 
  _c100
                                  febf1c1c         2   data ,g         * 
  _c101
                                  febf1c1e         2   data ,g         * 
  _c110
                                  febf1c20         2   data ,g         * 
  _c111
                                  febf1c22         2   data ,g         * 
FILE=DefaultBuild\mapdata_trq_inv0_limit.obj
                                  febf1c24  febf1c8b        68
  _f4_x_nom_2d
                                  febf1c24         4   data ,g         * 
  _f4_z_nom_2d
                                  febf1c28         4   data ,g         * 
  _s4_x_id_2d
                                  febf1c2c         4   data ,g         * 
  _s4_z_id_2d
                                  febf1c30         4   data ,g         * 
  _s4_x_id_p1_2d
                                  febf1c34         4   data ,g         * 
  _s4_z_id_p1_2d
                                  febf1c38         4   data ,g         * 
  _f4_kw_x_2d
                                  febf1c3c         4   data ,g         * 
  _f4_kw_z_2d
                                  febf1c40         4   data ,g         * 
  _f4_x_add1_2d
                                  febf1c44         4   data ,g         * 
  _f4_x_add1_int_2d
                                  febf1c48         4   data ,g         * 
  _f4_x_add2_2d
                                  febf1c4c         4   data ,g         * 
  _f4_x_add2_int_2d
                                  febf1c50         4   data ,g         * 
  _f4_x_nom_temp_2d
                                  febf1c54         4   data ,g         * 
  _f4_kw_x_temp_2d
                                  febf1c58         4   data ,g         * 
  _f4_kw_x_add_2d
                                  febf1c5c         4   data ,g         * 
  _f4_z_add_2d
                                  febf1c60         4   data ,g         * 
  _f4_z_add_int_2d
                                  febf1c64         4   data ,g         * 
  _f4_z_nom_temp_2d
                                  febf1c68         4   data ,g         * 
  _f4_kw_z_temp_2d
                                  febf1c6c         4   data ,g         * 
  _f4_kw_z_add_2d
                                  febf1c70         4   data ,g         * 
  _C00_2d
                                  febf1c74         4   data ,g         * 
  _C01_2d
                                  febf1c78         4   data ,g         * 
  _C10_2d
                                  febf1c7c         4   data ,g         * 
  _C11_2d
                                  febf1c80         4   data ,g         * 
  _c00_2d
                                  febf1c84         2   data ,g         * 
  _c01_2d
                                  febf1c86         2   data ,g         * 
  _c10_2d
                                  febf1c88         2   data ,g         * 
  _c11_2d
                                  febf1c8a         2   data ,g         * 
FILE=DefaultBuild\fb_can1_ctrl_init.obj
                                  febf1c8c  febf1c8d         2
  _u1_flag_rx1_flag
                                  febf1c8c         1   data ,g         * 
  _u1_flag_can1_initerr
                                  febf1c8d         1   data ,g         * 
FILE=DefaultBuild\fi_pwm_inv0_syncctrl.obj
                                  febf1c90  febf1cf5        66
  _u1_flag_enable_inv0_pwm_sync
                                  febf1c90         1   data ,g         * 
  _u1_flag_enable_inv0_pwm_sync_tmp
                                  febf1c91         1   data ,g         * 
  _s4_cnt_inv0_pwm_sync
                                  febf1c94         4   data ,g         * 
  _u4_cnt_inv0_pwm_sync_max
                                  febf1c98         4   data ,g         * 
  _f4_k_inv0_pwm_sync
                                  febf1c9c         4   data ,g         * 
  _u1_flag_select_inv0_pwm_sync_mode
                                  febf1ca0         1   data ,g         * 
  _u4_k_inv0_pwm_sync
                                  febf1ca4         4   data ,g         * 
  _u4_k_inv0_pwm_sync_tmp
                                  febf1ca8         4   data ,g         * 
  _u4_k_inv0_pwm_sync_new
                                  febf1cac         4   data ,g         * 
  _u4_k_inv0_pwm_sync_max
                                  febf1cb0         4   data ,g         * 
  _u4_k_inv0_pwm_sync_min
                                  febf1cb4         4   data ,g         * 
  _u4_fc_inv0_max_lsb_0
                                  febf1cb8         4   data ,g         * 
  _u4_fc_inv0_min_lsb_0
                                  febf1cbc         4   data ,g         * 
  _f4_fmot_inv0_lpf
                                  febf1cc0         4   data ,g         * 
  _f4_fmot_inv0_lpf_tmp
                                  febf1cc4         4   data ,g         * 
  _f4_dfmot_inv0_lpf
                                  febf1cc8         4   data ,g         * 
  _f4_lev_dfmot_inv0_fc_hys
                                  febf1ccc         4   data ,g         * 
  _f4_wclpf_inv0_fmot
                                  febf1cd0         4   data ,g         * 
  _f4_wt_inv0_sync_ref
                                  febf1cd4         4   data ,g         * 
  _f4_wt_inv0_sync_err
                                  febf1cd8         4   data ,g         * 
  _f4_fc_inv0_sync_max
                                  febf1cdc         4   data ,g         * 
  _f4_kp_inv0_fc_sync
                                  febf1ce0         4   data ,g         * 
  _f4_ki_inv0_fc_sync
                                  febf1ce4         4   data ,g         * 
  _f4_fc_inv0_syncp
                                  febf1ce8         4   data ,g         * 
  _f4_fc_inv0_synci
                                  febf1cec         4   data ,g         * 
  _f4_fc_inv0_sync
                                  febf1cf0         4   data ,g         * 
  _u1_flag_inv0_status_pwm_sync_limit
                                  febf1cf4         1   data ,g         * 
  _u1_flag_inv0_status_pwm_sync_change
                                  febf1cf5         1   data ,g         * 
FILE=DefaultBuild\fim_main.obj
                                  febf1cf8  febf1d0f        18
  _u4_RESF_reg
                                  febf1cf8         4   data ,g         * 
  _u4_ecm_mstatus0_init
                                  febf1cfc         4   data ,g         * 
  _u4_ecm_cstatus0_init
                                  febf1d00         4   data ,g         * 
  _u4_ecm_mstatus1_init
                                  febf1d04         4   data ,g         * 
  _u4_ecm_cstatus1_init
                                  febf1d08         4   data ,g         * 
  _u1_flag_awatcher_use_cpu2
                                  febf1d0c         1   data ,g         * 
  _u1_cnt_main
                                  febf1d0d         1   data ,g         * 
  _u1_flag_emc
                                  febf1d0e         1   data ,g         * 
  _u1_flag_gate_ok
                                  febf1d0f         1   data ,g         * 
FILE=DefaultBuild\mapdata_lm_inv0_1d.obj
                                  febf1d10  febf1d3f        30
  _f4_x_2_nom_1d
                                  febf1d10         4   data ,g         * 
  _f4_z_2_nom_1d
                                  febf1d14         4   data ,g         * 
  _s4_x_2_id_1d
                                  febf1d18         4   data ,g         * 
  _s4_z_2_id_1d
                                  febf1d1c         4   data ,g         * 
  _s4_x_2_id_p1_1d
                                  febf1d20         4   data ,g         * 
  _s4_z_2_id_p1_1d
                                  febf1d24         4   data ,g         * 
  _f4_kw_x_2_1d
                                  febf1d28         4   data ,g         * 
  _f4_kw_z_2_1d
                                  febf1d2c         4   data ,g         * 
  _C00_2_1d
                                  febf1d30         4   data ,g         * 
  _C01_2_1d
                                  febf1d34         4   data ,g         * 
  _C10_2_1d
                                  febf1d38         4   data ,g         * 
  _C11_2_1d
                                  febf1d3c         4   data ,g         * 
FILE=cmdmoni_wt
                                  febf1d40  febf2e5b      111c
  _snd_ringbuf.5
                                  febf1d40        80   data ,l         * 
  _iRd.6
                                  febf1dc0         4   data ,l         * 
  _iWr.7
                                  febf1dc4         4   data ,l         * 
  _rcv_cmdbuf.8
                                  febf1dc8        18   data ,l         * 
  _snd_cmdbuf.9
                                  febf1de0        20   data ,l         * 
  _buf_trace.10
                                  febf1e00      1000   data ,l         * 
  _idy_trace.11
                                  febf2e00         4   data ,l         * 
  _idy_copy_trace.12
                                  febf2e04         4   data ,l         * 
  _iTraceCount.13
                                  febf2e08         4   data ,l         * 
  _iTraceCntMax.14
                                  febf2e0c         4   data ,l         * 
  _iIntervalCount.15
                                  febf2e10         4   data ,l         * 
  _iTraceID.16
                                  febf2e14         4   data ,l         * 
  _iReceiveCount.17
                                  febf2e18         4   data ,l         * 
  _ptr_adrs.18
                                  febf2e1c        10   data ,l         * 
  _adrs_size.19
                                  febf2e2c        10   data ,l         * 
  _iTrigLevel
                                  febf2e3c         4   data ,g         * 
  _iTrigDelay
                                  febf2e40         4   data ,g         * 
  _itrig_cnt_delay
                                  febf2e44         4   data ,g         * 
  _itrig_cnt_wait
                                  febf2e48         4   data ,g         * 
  _itrig_data_old
                                  febf2e4c         4   data ,g         * 
  _ubf_status.20
                                  febf2e50         4   data ,l         * 
  _cnt_wt_timeout.21
                                  febf2e54         4   data ,l         * 
  _u4_monitor_status
                                  febf2e58         4   data ,g         * 
FILE=com7d
                                  febf2e5c  febf2e5f         4
  __REL_errno_obj
                                  febf2e5c         0   none ,l         * 

SECTION=.stack.bss
FILE=DefaultBuild\cstart1.obj
                                  febf2e60  febf365f       800
  _stacktop
                                  febf3660         0   none ,l         * 

SECTION=comGRAMA.data.R
FILE=DefaultBuild\commonPE1toPE2.obj
                                  feef0000  feef0004         5
  _u4_pe1_status
                                  feef0000         4   data ,g         * 
  _u1_status_awatcher_cpu2
                                  feef0004         1   data ,g         * 

SECTION=comGRAMA.bss
FILE=DefaultBuild\fi_pe1_error.obj
                                  feef0008  feef000b         4
  _u4_flag_error_PE1
                                  feef0008         4   data ,g         * 
FILE=DefaultBuild\commonPE1toPE2.obj
                                  feef000c  feef000c         1
  _u1_flag_awatcher_enable_cpu2
                                  feef000c         1   data ,g         * 

SECTION=comGRAMB.data.R
FILE=DefaultBuild\commonPE2toPE1.obj
                                  fef00000  fef00004         5
  _u4_pe2_status
                                  fef00000         4   data ,g         * 
  _u1_status_awatcher_cpu1
                                  fef00004         1   data ,g         * 

SECTION=comGRAMB.bss
FILE=DefaultBuild\commonPE2toPE1.obj
                                  fef00008  fef00008         1
  _u1_flag_awatcher_enable_cpu1
                                  fef00008         1   data ,g         * 

Absolute value symbols
FILE=DefaultBuild\MotorDriver1.obj
  __cstart_pm2
                                  00801d8c         0   none ,g         * 
  _Dummy_func_pe2
                                  00801df4         0   none ,g         * 
  _Dummy_EI_func_pe2
                                  00801dfe         0   none ,g         * 
FILE=rlink_generates_01
  __gp_data
                                  00000000         0   none ,g         * 
  __ep_data
                                  00000000         0   none ,g         * 
FILE=rlink_generates_02
  __s.text
                                  00004b4e         0   none ,g         * 
  __e.text
                                  0001b1d0         0   none ,g         * 
  __S_text
                                  00004b4e         0   none ,g         * 
  __E_text
                                  0001b1d0         0   none ,g         * 
  __scom.text
                                  00004ab4         0   none ,g         * 
  __ecom.text
                                  00004b4e         0   none ,g         * 
  __Scom_text
                                  00004ab4         0   none ,g         * 
  __Ecom_text
                                  00004b4e         0   none ,g         * 
  __scomGRAMA.bss
                                  feef0008         0   none ,g         * 
  __ecomGRAMA.bss
                                  feef000d         0   none ,g         * 
  __ScomGRAMA_bss
                                  feef0008         0   none ,g         * 
  __EcomGRAMA_bss
                                  feef000d         0   none ,g         * 
  __sEIINTTBL_PE1
                                  00000000         0   none ,g         * 
  __eEIINTTBL_PE1
                                  00000080         0   none ,g         * 
  __SEIINTTBL_PE1
                                  00000000         0   none ,g         * 
  __EEIINTTBL_PE1
                                  00000080         0   none ,g         * 
  __scomGRAMA.data
                                  0001b1f8         0   none ,g         * 
  __ecomGRAMA.data
                                  0001b1fd         0   none ,g         * 
  __scomGRAMA.data.R
                                  feef0000         0   none ,g         * 
  __ecomGRAMA.data.R
                                  feef0005         0   none ,g         * 
  __ScomGRAMA_data
                                  0001b1f8         0   none ,g         * 
  __EcomGRAMA_data
                                  0001b1fd         0   none ,g         * 
  __ScomGRAMA_data_R
                                  feef0000         0   none ,g         * 
  __EcomGRAMA_data_R
                                  feef0005         0   none ,g         * 
  __s.data
                                  0001b1d0         0   none ,g         * 
  __e.data
                                  0001b1f7         0   none ,g         * 
  __s.data.R
                                  febf0000         0   none ,g         * 
  __e.data.R
                                  febf0027         0   none ,g         * 
  __S_data
                                  0001b1d0         0   none ,g         * 
  __E_data
                                  0001b1f7         0   none ,g         * 
  __S_data_R
                                  febf0000         0   none ,g         * 
  __E_data_R
                                  febf0027         0   none ,g         * 
  __s.bss
                                  febf0028         0   none ,g         * 
  __e.bss
                                  febf2e60         0   none ,g         * 
  __S_bss
                                  febf0028         0   none ,g         * 
  __E_bss
                                  febf2e60         0   none ,g         * 
  __s.const
                                  00001000         0   none ,g         * 
  __e.const
                                  00004a20         0   none ,g         * 
  __S_const
                                  00001000         0   none ,g         * 
  __E_const
                                  00004a20         0   none ,g         * 
  __s.stack.bss
                                  febf2e60         0   none ,g         * 
  __e.stack.bss
                                  febf3660         0   none ,g         * 
  __S_stack_bss
                                  febf2e60         0   none ,g         * 
  __E_stack_bss
                                  febf3660         0   none ,g         * 
  __s.INIT_DSEC.const
                                  00004a20         0   none ,g         * 
  __e.INIT_DSEC.const
                                  00004a44         0   none ,g         * 
  __S_INIT_DSEC_const
                                  00004a20         0   none ,g         * 
  __E_INIT_DSEC_const
                                  00004a44         0   none ,g         * 
  __s.INIT_BSEC.const
                                  00004a44         0   none ,g         * 
  __e.INIT_BSEC.const
                                  00004a4c         0   none ,g         * 
  __S_INIT_BSEC_const
                                  00004a44         0   none ,g         * 
  __E_INIT_BSEC_const
                                  00004a4c         0   none ,g         * 
  __s.text.cmn
                                  00004a4c         0   none ,g         * 
  __e.text.cmn
                                  00004ab4         0   none ,g         * 
  __S_text_cmn
                                  00004a4c         0   none ,g         * 
  __E_text_cmn
                                  00004ab4         0   none ,g         * 
  __sEIINTTBL_PE1_2
                                  00000080         0   none ,g         * 
  __eEIINTTBL_PE1_2
                                  00000400         0   none ,g         * 
  __SEIINTTBL_PE1_2
                                  00000080         0   none ,g         * 
  __EEIINTTBL_PE1_2
                                  00000400         0   none ,g         * 
  __scomGRAMB.data
                                  0001b200         0   none ,g         * 
  __ecomGRAMB.data
                                  0001b205         0   none ,g         * 
  __scomGRAMB.data.R
                                  fef00000         0   none ,g         * 
  __ecomGRAMB.data.R
                                  fef00005         0   none ,g         * 
  __ScomGRAMB_data
                                  0001b200         0   none ,g         * 
  __EcomGRAMB_data
                                  0001b205         0   none ,g         * 
  __ScomGRAMB_data_R
                                  fef00000         0   none ,g         * 
  __EcomGRAMB_data_R
                                  fef00005         0   none ,g         * 
  __scomGRAMB.bss
                                  fef00008         0   none ,g         * 
  __ecomGRAMB.bss
                                  fef00009         0   none ,g         * 
  __ScomGRAMB_bss
                                  fef00008         0   none ,g         * 
  __EcomGRAMB_bss
                                  fef00009         0   none ,g         * 

*** Unfilled Areas ***

AREA                                START    END

*** Delete Symbols ***

SYMBOL                                SIZE    INFO
